Archive member included to satisfy reference by file (symbol)

/home/ylo/.pico-sdk/toolchain/13_3_Rel1/bin/../lib/gcc/arm-none-eabi/13.3.1/thumb/v6-m/nofp/libgcc.a(_dvmd_tls.o)
                              CMakeFiles/interrupcoes.dir/home/ylo/.pico-sdk/sdk/2.1.0/src/rp2_common/pico_divider/divider_hardware.S.o (__aeabi_idiv0)
/home/ylo/.pico-sdk/toolchain/13_3_Rel1/bin/../lib/gcc/arm-none-eabi/13.3.1/../../../../arm-none-eabi/lib/thumb/v6-m/nofp/libg.a(libc_a-strlen-stub.o)
                              CMakeFiles/interrupcoes.dir/home/ylo/.pico-sdk/sdk/2.1.0/src/rp2_common/pico_stdio/stdio.c.o (strlen)
/home/ylo/.pico-sdk/toolchain/13_3_Rel1/bin/../lib/gcc/arm-none-eabi/13.3.1/../../../../arm-none-eabi/lib/thumb/v6-m/nofp/libg.a(libc_a-malloc.o)
                              CMakeFiles/interrupcoes.dir/home/ylo/.pico-sdk/sdk/2.1.0/src/rp2_common/pico_malloc/malloc.c.o (malloc)
/home/ylo/.pico-sdk/toolchain/13_3_Rel1/bin/../lib/gcc/arm-none-eabi/13.3.1/../../../../arm-none-eabi/lib/thumb/v6-m/nofp/libg.a(libc_a-mallocr.o)
                              /home/ylo/.pico-sdk/toolchain/13_3_Rel1/bin/../lib/gcc/arm-none-eabi/13.3.1/../../../../arm-none-eabi/lib/thumb/v6-m/nofp/libg.a(libc_a-malloc.o) (_malloc_r)
/home/ylo/.pico-sdk/toolchain/13_3_Rel1/bin/../lib/gcc/arm-none-eabi/13.3.1/../../../../arm-none-eabi/lib/thumb/v6-m/nofp/libg.a(libc_a-lcltime_r.o)
                              CMakeFiles/interrupcoes.dir/home/ylo/.pico-sdk/sdk/2.1.0/src/common/pico_util/datetime.c.o (localtime_r)
/home/ylo/.pico-sdk/toolchain/13_3_Rel1/bin/../lib/gcc/arm-none-eabi/13.3.1/../../../../arm-none-eabi/lib/thumb/v6-m/nofp/libg.a(libc_a-sbrkr.o)
                              /home/ylo/.pico-sdk/toolchain/13_3_Rel1/bin/../lib/gcc/arm-none-eabi/13.3.1/../../../../arm-none-eabi/lib/thumb/v6-m/nofp/libg.a(libc_a-mallocr.o) (_sbrk_r)
/home/ylo/.pico-sdk/toolchain/13_3_Rel1/bin/../lib/gcc/arm-none-eabi/13.3.1/../../../../arm-none-eabi/lib/thumb/v6-m/nofp/libg.a(libc_a-mktime.o)
                              CMakeFiles/interrupcoes.dir/home/ylo/.pico-sdk/sdk/2.1.0/src/common/pico_util/datetime.c.o (mktime)
/home/ylo/.pico-sdk/toolchain/13_3_Rel1/bin/../lib/gcc/arm-none-eabi/13.3.1/../../../../arm-none-eabi/lib/thumb/v6-m/nofp/libg.a(libc_a-month_lengths.o)
                              /home/ylo/.pico-sdk/toolchain/13_3_Rel1/bin/../lib/gcc/arm-none-eabi/13.3.1/../../../../arm-none-eabi/lib/thumb/v6-m/nofp/libg.a(libc_a-lcltime_r.o) (__month_lengths)
/home/ylo/.pico-sdk/toolchain/13_3_Rel1/bin/../lib/gcc/arm-none-eabi/13.3.1/../../../../arm-none-eabi/lib/thumb/v6-m/nofp/libg.a(libc_a-tzcalc_limits.o)
                              /home/ylo/.pico-sdk/toolchain/13_3_Rel1/bin/../lib/gcc/arm-none-eabi/13.3.1/../../../../arm-none-eabi/lib/thumb/v6-m/nofp/libg.a(libc_a-lcltime_r.o) (__tzcalc_limits)
/home/ylo/.pico-sdk/toolchain/13_3_Rel1/bin/../lib/gcc/arm-none-eabi/13.3.1/../../../../arm-none-eabi/lib/thumb/v6-m/nofp/libg.a(libc_a-tzlock.o)
                              /home/ylo/.pico-sdk/toolchain/13_3_Rel1/bin/../lib/gcc/arm-none-eabi/13.3.1/../../../../arm-none-eabi/lib/thumb/v6-m/nofp/libg.a(libc_a-lcltime_r.o) (__tz_lock)
/home/ylo/.pico-sdk/toolchain/13_3_Rel1/bin/../lib/gcc/arm-none-eabi/13.3.1/../../../../arm-none-eabi/lib/thumb/v6-m/nofp/libg.a(libc_a-tzset.o)
                              /home/ylo/.pico-sdk/toolchain/13_3_Rel1/bin/../lib/gcc/arm-none-eabi/13.3.1/../../../../arm-none-eabi/lib/thumb/v6-m/nofp/libg.a(libc_a-lcltime_r.o) (_tzset_unlocked)
/home/ylo/.pico-sdk/toolchain/13_3_Rel1/bin/../lib/gcc/arm-none-eabi/13.3.1/../../../../arm-none-eabi/lib/thumb/v6-m/nofp/libg.a(libc_a-mlock.o)
                              /home/ylo/.pico-sdk/toolchain/13_3_Rel1/bin/../lib/gcc/arm-none-eabi/13.3.1/../../../../arm-none-eabi/lib/thumb/v6-m/nofp/libg.a(libc_a-mallocr.o) (__malloc_lock)
/home/ylo/.pico-sdk/toolchain/13_3_Rel1/bin/../lib/gcc/arm-none-eabi/13.3.1/../../../../arm-none-eabi/lib/thumb/v6-m/nofp/libg.a(libc_a-calloc.o)
                              CMakeFiles/interrupcoes.dir/home/ylo/.pico-sdk/sdk/2.1.0/src/rp2_common/pico_malloc/malloc.c.o (calloc)
/home/ylo/.pico-sdk/toolchain/13_3_Rel1/bin/../lib/gcc/arm-none-eabi/13.3.1/../../../../arm-none-eabi/lib/thumb/v6-m/nofp/libg.a(libc_a-memcmp.o)
                              CMakeFiles/interrupcoes.dir/home/ylo/.pico-sdk/sdk/2.1.0/src/rp2_common/pico_atomic/atomic.c.o (memcmp)
/home/ylo/.pico-sdk/toolchain/13_3_Rel1/bin/../lib/gcc/arm-none-eabi/13.3.1/../../../../arm-none-eabi/lib/thumb/v6-m/nofp/libg.a(libc_a-callocr.o)
                              /home/ylo/.pico-sdk/toolchain/13_3_Rel1/bin/../lib/gcc/arm-none-eabi/13.3.1/../../../../arm-none-eabi/lib/thumb/v6-m/nofp/libg.a(libc_a-calloc.o) (_calloc_r)
/home/ylo/.pico-sdk/toolchain/13_3_Rel1/bin/../lib/gcc/arm-none-eabi/13.3.1/../../../../arm-none-eabi/lib/thumb/v6-m/nofp/libg.a(libc_a-div.o)
[...]
Memory Configuration

Name             Origin             Length             Attributes
FLASH            0x10000000         0x00200000         xr
RAM              0x20000000         0x00040000         xrw
SCRATCH_X        0x20040000         0x00001000         xrw
SCRATCH_Y        0x20041000         0x00001000         xrw
*default*        0x00000000         0xffffffff

Linker script and memory map

LOAD /home/ylo/.pico-sdk/toolchain/13_3_Rel1/bin/../lib/gcc/arm-none-eabi/13.3.1/thumb/v6-m/nofp/crti.o
LOAD /home/ylo/.pico-sdk/toolchain/13_3_Rel1/bin/../lib/gcc/arm-none-eabi/13.3.1/thumb/v6-m/nofp/crtbegin.o
LOAD /home/ylo/.pico-sdk/toolchain/13_3_Rel1/bin/../lib/gcc/arm-none-eabi/13.3.1/../../../../arm-none-eabi/lib/thumb/v6-m/nofp/crt0.o

.flash_begin    0x10000000        0x0
                0x10000000                        __flash_binary_start = .

.boot2          0x10000000      0x100
                0x10000000                        __boot2_start__ = .
 *(.boot2)
 .boot2         0x10000000      0x100 pico-sdk/src/rp2040/boot_stage2/CMakeFiles/bs2_default_library.dir/./bs2_default_padded_checksummed.S.o
                0x10000100                        __boot2_end__ = .
                0x00000001                        ASSERT (((__boot2_end__ - __boot2_start__) == 0x100), ERROR: Pico second stage bootloader must be 256 bytes in size)

.text           0x10000100     0x72e4
                0x10000100                        __logical_binary_start = .
 *(.vectors)
 .vectors       0x10000100       0xd4 CMakeFiles/interrupcoes.dir/home/ylo/.pico-sdk/sdk/2.1.0/src/rp2_common/pico_crt0/crt0.S.o
                0x10000100                __vectors
                0x10000100                __VECTOR_TABLE
                0x100001c0                isr_invalid
                0x100001c0                __default_isrs_start
                0x100001c2                isr_nmi
                0x100001c4                isr_hardfault
                0x100001c6                isr_svcall
                0x100001c8                isr_pendsv
                0x100001ca                isr_systick
                0x100001cc                isr_irq30
                0x100001cc                __unhandled_user_irq
                0x100001cc                isr_irq13
                0x100001cc                isr_irq27
                0x100001cc                isr_irq31
                0x100001cc                isr_irq5
                0x100001cc                isr_irq11
                0x100001cc                isr_irq23
                0x100001cc                isr_irq18
                0x100001cc                isr_irq28
                0x100001cc                isr_irq19
                0x100001cc                isr_irq0
                0x100001cc                isr_irq6
                0x100001cc                isr_irq22
                0x100001cc                isr_irq17
                0x100001cc                isr_irq14
                0x100001cc                isr_irq2
                0x100001cc                isr_irq10
                0x100001cc                isr_irq8
                0x100001cc                isr_irq24
                0x100001cc                isr_irq1
                0x100001cc                isr_irq7
                0x100001cc                isr_irq21
                0x100001cc                isr_irq20
                0x100001cc                isr_irq15
                0x100001cc                isr_irq25
                0x100001cc                isr_irq4
                0x100001cc                isr_irq16
                0x100001cc                isr_irq29
                0x100001cc                isr_irq26
                0x100001cc                __default_isrs_end
                0x100001cc                isr_irq3
                0x100001cc                isr_irq12
                0x100001cc                isr_irq9
                0x100001d2                unhandled_user_irq_num_in_r0
 *(.binary_info_header)
 .binary_info_header
                0x100001d4       0x14 CMakeFiles/interrupcoes.dir/home/ylo/.pico-sdk/sdk/2.1.0/src/rp2_common/pico_crt0/crt0.S.o
                0x100001e8                        __binary_info_header_end = .
 *(.embedded_block)
                0x100001e8                        __embedded_block_end = .
 *(.reset)
 .reset         0x100001e8       0x9c CMakeFiles/interrupcoes.dir/home/ylo/.pico-sdk/sdk/2.1.0/src/rp2_common/pico_crt0/crt0.S.o
                0x100001e8                _entry_point
 *(.init)
 .init          0x10000284        0x4 /home/ylo/.pico-sdk/toolchain/13_3_Rel1/bin/../lib/gcc/arm-none-eabi/13.3.1/thumb/v6-m/nofp/crti.o
                0x10000284                _init
 *(EXCLUDE_FILE(*libm.a: *libc.a:*lib_a-mem*.o *libgcc.a:) .text*)
 .text.register_tm_clones
                0x10000288       0x28 /home/ylo/.pico-sdk/toolchain/13_3_Rel1/bin/../lib/gcc/arm-none-eabi/13.3.1/thumb/v6-m/nofp/crtbegin.o
 .text.frame_dummy
                0x100002b0       0x24 /home/ylo/.pico-sdk/toolchain/13_3_Rel1/bin/../lib/gcc/arm-none-eabi/13.3.1/thumb/v6-m/nofp/crtbegin.o
 .text.gpio_irq_handler
                0x100002d4      0x11c CMakeFiles/interrupcoes.dir/interrupcoes.c.o
 .text.display_num
                0x100003f0       0x84 CMakeFiles/interrupcoes.dir/interrupcoes.c.o
                0x100003f0                display_num
 .text.startup.main
                0x10000474      0x1f4 CMakeFiles/interrupcoes.dir/interrupcoes.c.o
                0x10000474                main
 .text.gpio_default_irq_handler
                0x10000668      0x274 CMakeFiles/interrupcoes.dir/home/ylo/.pico-sdk/sdk/2.1.0/src/rp2_common/hardware_gpio/gpio.c.o
 .text.gpio_set_function
                0x100008dc       0x34 CMakeFiles/interrupcoes.dir/home/ylo/.pico-sdk/sdk/2.1.0/src/rp2_common/hardware_gpio/gpio.c.o
                0x100008dc                gpio_set_function
 .text.gpio_set_pulls
                0x10000910       0x28 CMakeFiles/interrupcoes.dir/home/ylo/.pico-sdk/sdk/2.1.0/src/rp2_common/hardware_gpio/gpio.c.o
                0x10000910                gpio_set_pulls
 .text.gpio_set_irq_enabled_with_callback
                0x10000938       0xd0 CMakeFiles/interrupcoes.dir/home/ylo/.pico-sdk/sdk/2.1.0/src/rp2_common/hardware_gpio/gpio.c.o
                0x10000938                gpio_set_irq_enabled_with_callback
 .text.gpio_init
                0x10000a08       0x40 CMakeFiles/interrupcoes.dir/home/ylo/.pico-sdk/sdk/2.1.0/src/rp2_common/hardware_gpio/gpio.c.o
                0x10000a08                gpio_init
 .text.rp2040_chip_version
                0x10000a48        0xc CMakeFiles/interrupcoes.dir/home/ylo/.pico-sdk/sdk/2.1.0/src/rp2040/pico_platform/platform.c.o
                0x10000a48                rp2040_chip_version
 .text.panic    0x10000a54       0x30 CMakeFiles/interrupcoes.dir/home/ylo/.pico-sdk/sdk/2.1.0/src/rp2_common/pico_platform_panic/panic.c.o
                0x10000a54                panic
 .text.hw_claim_lock
                0x10000a84       0x18 CMakeFiles/interrupcoes.dir/home/ylo/.pico-sdk/sdk/2.1.0/src/common/hardware_claim/claim.c.o
                0x10000a84                hw_claim_lock
 .text.hw_claim_unlock
                0x10000a9c       0x14 CMakeFiles/interrupcoes.dir/home/ylo/.pico-sdk/sdk/2.1.0/src/common/hardware_claim/claim.c.o
                0x10000a9c                hw_claim_unlock
 .text.hw_claim_or_assert
                0x10000ab0       0x44 CMakeFiles/interrupcoes.dir/home/ylo/.pico-sdk/sdk/2.1.0/src/common/hardware_claim/claim.c.o
                0x10000ab0                hw_claim_or_assert
 .text.hw_claim_unused_from_range
                0x10000af4       0x9c CMakeFiles/interrupcoes.dir/home/ylo/.pico-sdk/sdk/2.1.0/src/common/hardware_claim/claim.c.o
                0x10000af4                hw_claim_unused_from_range
 .text.next_striped_spin_lock_num
                0x10000b90       0x18 CMakeFiles/interrupcoes.dir/home/ylo/.pico-sdk/sdk/2.1.0/src/rp2_common/hardware_sync/sync.c.o
                0x10000b90                next_striped_spin_lock_num
 .text.spin_lock_claim_unused
                0x10000ba8       0x24 CMakeFiles/interrupcoes.dir/home/ylo/.pico-sdk/sdk/2.1.0/src/rp2_common/hardware_sync/sync.c.o
                0x10000ba8                spin_lock_claim_unused
 .text.spin_locks_reset
                0x10000bcc       0x1c CMakeFiles/interrupcoes.dir/home/ylo/.pico-sdk/sdk/2.1.0/src/rp2_common/hardware_sync_spin_lock/sync_spin_lock.c.o
                0x10000bcc                spin_locks_reset
 .text.runtime_init_per_core_irq_priorities
                0x10000be8       0x24 CMakeFiles/interrupcoes.dir/home/ylo/.pico-sdk/sdk/2.1.0/src/rp2_common/hardware_irq/irq.c.o
                0x10000be8                runtime_init_per_core_irq_priorities
 .text.irq_set_enabled
                0x10000c0c       0x24 CMakeFiles/interrupcoes.dir/home/ylo/.pico-sdk/sdk/2.1.0/src/rp2_common/hardware_irq/irq.c.o
                0x10000c0c                irq_set_enabled
 .text.irq_is_enabled
                0x10000c30       0x18 CMakeFiles/interrupcoes.dir/home/ylo/.pico-sdk/sdk/2.1.0/src/rp2_common/hardware_irq/irq.c.o
                0x10000c30                irq_is_enabled
 .text.irq_set_pending
                0x10000c48       0x10 CMakeFiles/interrupcoes.dir/home/ylo/.pico-sdk/sdk/2.1.0/src/rp2_common/hardware_irq/irq.c.o
                0x10000c48                irq_set_pending
 .text.irq_has_shared_handler
                0x10000c58       0x2c CMakeFiles/interrupcoes.dir/home/ylo/.pico-sdk/sdk/2.1.0/src/rp2_common/hardware_irq/irq.c.o
                0x10000c58                irq_has_shared_handler
 .text.irq_set_exclusive_handler
                0x10000c84       0x54 CMakeFiles/interrupcoes.dir/home/ylo/.pico-sdk/sdk/2.1.0/src/rp2_common/hardware_irq/irq.c.o
                0x10000c84                irq_set_exclusive_handler
 .text.irq_add_shared_handler
                0x10000cd8      0x1f4 CMakeFiles/interrupcoes.dir/home/ylo/.pico-sdk/sdk/2.1.0/src/rp2_common/hardware_irq/irq.c.o
                0x10000cd8                irq_add_shared_handler
 .text.irq_remove_handler
                0x10000ecc      0x1d4 CMakeFiles/interrupcoes.dir/home/ylo/.pico-sdk/sdk/2.1.0/src/rp2_common/hardware_irq/irq.c.o
                0x10000ecc                irq_remove_handler
 .text.irq_add_tail_to_free_list
                0x100010a0       0xb4 CMakeFiles/interrupcoes.dir/home/ylo/.pico-sdk/sdk/2.1.0/src/rp2_common/hardware_irq/irq.c.o
                0x100010a0                irq_add_tail_to_free_list
 .text.user_irq_claim_unused
                0x10001154       0x2c CMakeFiles/interrupcoes.dir/home/ylo/.pico-sdk/sdk/2.1.0/src/rp2_common/hardware_irq/irq.c.o
                0x10001154                user_irq_claim_unused
 .text.lock_init
                0x10001180       0x10 CMakeFiles/interrupcoes.dir/home/ylo/.pico-sdk/sdk/2.1.0/src/common/pico_sync/lock_core.c.o
                0x10001180                lock_init
 .text.runtime_init_mutex
                0x10001190       0x50 CMakeFiles/interrupcoes.dir/home/ylo/.pico-sdk/sdk/2.1.0/src/common/pico_sync/mutex.c.o
                0x10001190                runtime_init_mutex
 .text.mutex_init
                0x100011e0       0x1c CMakeFiles/interrupcoes.dir/home/ylo/.pico-sdk/sdk/2.1.0/src/common/pico_sync/mutex.c.o
                0x100011e0                mutex_init
 .text.critical_section_init
                0x100011fc       0x1c CMakeFiles/interrupcoes.dir/home/ylo/.pico-sdk/sdk/2.1.0/src/common/pico_sync/critical_section.c.o
                0x100011fc                critical_section_init
 .text.critical_section_init_with_lock_num
                0x10001218       0x14 CMakeFiles/interrupcoes.dir/home/ylo/.pico-sdk/sdk/2.1.0/src/common/pico_sync/critical_section.c.o
                0x10001218                critical_section_init_with_lock_num
 .text.sleep_until_callback
                0x1000122c       0x30 CMakeFiles/interrupcoes.dir/home/ylo/.pico-sdk/sdk/2.1.0/src/common/pico_time/time.c.o
 .text.alarm_pool_irq_handler
                0x1000125c      0x2fc CMakeFiles/interrupcoes.dir/home/ylo/.pico-sdk/sdk/2.1.0/src/common/pico_time/time.c.o
 .text.runtime_init_default_alarm_pool
                0x10001558       0xdc CMakeFiles/interrupcoes.dir/home/ylo/.pico-sdk/sdk/2.1.0/src/common/pico_time/time.c.o
                0x10001558                runtime_init_default_alarm_pool
 .text.alarm_pool_get_default
                0x10001634        0x8 CMakeFiles/interrupcoes.dir/home/ylo/.pico-sdk/sdk/2.1.0/src/common/pico_time/time.c.o
                0x10001634                alarm_pool_get_default
 .text.alarm_pool_add_alarm_at
                0x1000163c       0xd4 CMakeFiles/interrupcoes.dir/home/ylo/.pico-sdk/sdk/2.1.0/src/common/pico_time/time.c.o
                0x1000163c                alarm_pool_add_alarm_at
 .text.alarm_pool_add_alarm_at_force_in_context
                0x10001710       0xb0 CMakeFiles/interrupcoes.dir/home/ylo/.pico-sdk/sdk/2.1.0/src/common/pico_time/time.c.o
                0x10001710                alarm_pool_add_alarm_at_force_in_context
 .text.alarm_pool_cancel_alarm
                0x100017c0       0x74 CMakeFiles/interrupcoes.dir/home/ylo/.pico-sdk/sdk/2.1.0/src/common/pico_time/time.c.o
                0x100017c0                alarm_pool_cancel_alarm
 .text.alarm_pool_core_num
                0x10001834        0x4 CMakeFiles/interrupcoes.dir/home/ylo/.pico-sdk/sdk/2.1.0/src/common/pico_time/time.c.o
                0x10001834                alarm_pool_core_num
 .text.sleep_until
                0x10001838       0xd8 CMakeFiles/interrupcoes.dir/home/ylo/.pico-sdk/sdk/2.1.0/src/common/pico_time/time.c.o
                0x10001838                sleep_until
 .text.sleep_ms
                0x10001910       0x38 CMakeFiles/interrupcoes.dir/home/ylo/.pico-sdk/sdk/2.1.0/src/common/pico_time/time.c.o
                0x10001910                sleep_ms
 .text.best_effort_wfe_or_timeout
                0x10001948       0xe0 CMakeFiles/interrupcoes.dir/home/ylo/.pico-sdk/sdk/2.1.0/src/common/pico_time/time.c.o
                0x10001948                best_effort_wfe_or_timeout
 .text.timer_hardware_alarm_claim
                0x10001a28       0x14 CMakeFiles/interrupcoes.dir/home/ylo/.pico-sdk/sdk/2.1.0/src/rp2_common/hardware_timer/timer.c.o
                0x10001a28                timer_hardware_alarm_claim
 .text.timer_time_us_64
                0x10001a3c       0x10 CMakeFiles/interrupcoes.dir/home/ylo/.pico-sdk/sdk/2.1.0/src/rp2_common/hardware_timer/timer.c.o
                0x10001a3c                timer_time_us_64
 .text.time_us_64
                0x10001a4c       0x14 CMakeFiles/interrupcoes.dir/home/ylo/.pico-sdk/sdk/2.1.0/src/rp2_common/hardware_timer/timer.c.o
                0x10001a4c                time_us_64
 .text.busy_wait_until
                0x10001a60       0x20 CMakeFiles/interrupcoes.dir/home/ylo/.pico-sdk/sdk/2.1.0/src/rp2_common/hardware_timer/timer.c.o
                0x10001a60                busy_wait_until
 .text.clock_configure_int_divider
                0x10001a80       0xf4 CMakeFiles/interrupcoes.dir/home/ylo/.pico-sdk/sdk/2.1.0/src/rp2_common/hardware_clocks/clocks.c.o
                0x10001a80                clock_configure_int_divider
 .text.clock_configure_undivided
                0x10001b74       0xe8 CMakeFiles/interrupcoes.dir/home/ylo/.pico-sdk/sdk/2.1.0/src/rp2_common/hardware_clocks/clocks.c.o
                0x10001b74                clock_configure_undivided
 .text.clock_get_hz
                0x10001c5c        0xc CMakeFiles/interrupcoes.dir/home/ylo/.pico-sdk/sdk/2.1.0/src/rp2_common/hardware_clocks/clocks.c.o
                0x10001c5c                clock_get_hz
 .text.set_sys_clock_pll
                0x10001c68      0x1b8 CMakeFiles/interrupcoes.dir/home/ylo/.pico-sdk/sdk/2.1.0/src/rp2_common/hardware_clocks/clocks.c.o
                0x10001c68                set_sys_clock_pll
 .text.check_sys_clock_khz
                0x10001e20      0x234 CMakeFiles/interrupcoes.dir/home/ylo/.pico-sdk/sdk/2.1.0/src/rp2_common/hardware_clocks/clocks.c.o
                0x10001e20                check_sys_clock_khz
 .text.pll_init
                0x10002054       0xa4 CMakeFiles/interrupcoes.dir/home/ylo/.pico-sdk/sdk/2.1.0/src/rp2_common/hardware_pll/pll.c.o
                0x10002054                pll_init
 .text.watchdog_reboot
                0x100020f8       0x9c CMakeFiles/interrupcoes.dir/home/ylo/.pico-sdk/sdk/2.1.0/src/rp2_common/hardware_watchdog/watchdog.c.o
                0x100020f8                watchdog_reboot
 .text.tick_start
                0x10002194       0x10 CMakeFiles/interrupcoes.dir/home/ylo/.pico-sdk/sdk/2.1.0/src/rp2_common/hardware_ticks/ticks.c.o
                0x10002194                tick_start
 .text.rom_func_lookup
                0x100021a4       0x10 CMakeFiles/interrupcoes.dir/home/ylo/.pico-sdk/sdk/2.1.0/src/rp2_common/pico_bootrom/bootrom.c.o
                0x100021a4                rom_func_lookup
 .text.rom_data_lookup
                0x100021b4       0x10 CMakeFiles/interrupcoes.dir/home/ylo/.pico-sdk/sdk/2.1.0/src/rp2_common/pico_bootrom/bootrom.c.o
                0x100021b4                rom_data_lookup
 .text.rom_funcs_lookup
                0x100021c4       0x44 CMakeFiles/interrupcoes.dir/home/ylo/.pico-sdk/sdk/2.1.0/src/rp2_common/pico_bootrom/bootrom.c.o
                0x100021c4                rom_funcs_lookup
 .text.rom_reset_usb_boot_extra
                0x10002208       0x28 CMakeFiles/interrupcoes.dir/home/ylo/.pico-sdk/sdk/2.1.0/src/rp2_common/pico_bootrom/bootrom.c.o
                0x10002208                rom_reset_usb_boot_extra
 .text.xosc_init
                0x10002230       0x28 CMakeFiles/interrupcoes.dir/home/ylo/.pico-sdk/sdk/2.1.0/src/rp2_common/hardware_xosc/xosc.c.o
                0x10002230                xosc_init
 .text.first_per_core_initializer
                0x10002258        0x4 CMakeFiles/interrupcoes.dir/home/ylo/.pico-sdk/sdk/2.1.0/src/rp2_common/pico_runtime/runtime.c.o
 .text.hard_assertion_failure
                0x1000225c        0xc CMakeFiles/interrupcoes.dir/home/ylo/.pico-sdk/sdk/2.1.0/src/rp2_common/pico_runtime/runtime.c.o
                0x1000225c                hard_assertion_failure
 .text.runtime_run_initializers
                0x10002268       0x28 CMakeFiles/interrupcoes.dir/home/ylo/.pico-sdk/sdk/2.1.0/src/rp2_common/pico_runtime/runtime.c.o
                0x10002268                runtime_run_initializers
 .text.runtime_init_early_resets
                0x10002290       0x2c CMakeFiles/interrupcoes.dir/home/ylo/.pico-sdk/sdk/2.1.0/src/rp2_common/pico_runtime_init/runtime_init.c.o
                0x10002290                runtime_init_early_resets
 .text.runtime_init_usb_power_down
                0x100022bc       0x1c CMakeFiles/interrupcoes.dir/home/ylo/.pico-sdk/sdk/2.1.0/src/rp2_common/pico_runtime_init/runtime_init.c.o
                0x100022bc                runtime_init_usb_power_down
 .text.runtime_init_post_clock_resets
                0x100022d8       0x20 CMakeFiles/interrupcoes.dir/home/ylo/.pico-sdk/sdk/2.1.0/src/rp2_common/pico_runtime_init/runtime_init.c.o
                0x100022d8                runtime_init_post_clock_resets
 .text.runtime_init_rp2040_gpio_ie_disable
                0x100022f8       0x14 CMakeFiles/interrupcoes.dir/home/ylo/.pico-sdk/sdk/2.1.0/src/rp2_common/pico_runtime_init/runtime_init.c.o
                0x100022f8                runtime_init_rp2040_gpio_ie_disable
 .text.runtime_init_spin_locks_reset
                0x1000230c        0x8 CMakeFiles/interrupcoes.dir/home/ylo/.pico-sdk/sdk/2.1.0/src/rp2_common/pico_runtime_init/runtime_init.c.o
                0x1000230c                runtime_init_spin_locks_reset
 .text.runtime_init_install_ram_vector_table
                0x10002314       0x1c CMakeFiles/interrupcoes.dir/home/ylo/.pico-sdk/sdk/2.1.0/src/rp2_common/pico_runtime_init/runtime_init.c.o
                0x10002314                runtime_init_install_ram_vector_table
 .text.runtime_init_clocks
                0x10002330       0xd8 CMakeFiles/interrupcoes.dir/home/ylo/.pico-sdk/sdk/2.1.0/src/rp2_common/pico_runtime_init/runtime_init_clocks.c.o
                0x10002330                runtime_init_clocks
 .text          0x10002408       0x10 CMakeFiles/interrupcoes.dir/home/ylo/.pico-sdk/sdk/2.1.0/src/rp2_common/pico_bit_ops/bit_ops_aeabi.S.o
 .text.__wrap___aeabi_idiv
                0x10002418       0x50 CMakeFiles/interrupcoes.dir/home/ylo/.pico-sdk/sdk/2.1.0/src/rp2_common/pico_divider/divider_hardware.S.o
                0x10002418                __wrap___aeabi_idivmod
                0x10002418                divmod_s32s32
                0x10002418                div_s32s32
                0x10002418                __wrap___aeabi_idiv
                0x10002420                divmod_s32s32_unsafe
                0x1000244c                divmod_s32s32_savestate
 .text.__wrap___aeabi_uidiv
                0x10002468       0x4c CMakeFiles/interrupcoes.dir/home/ylo/.pico-sdk/sdk/2.1.0/src/rp2_common/pico_divider/divider_hardware.S.o
                0x10002468                __wrap___aeabi_uidiv
                0x10002468                __wrap___aeabi_uidivmod
                0x10002468                div_u32u32
                0x10002468                divmod_u32u32
                0x10002470                divmod_u32u32_unsafe
                0x10002498                divmod_u32u32_savestate
 .text.__wrap___aeabi_ldiv
                0x100024b4      0x424 CMakeFiles/interrupcoes.dir/home/ylo/.pico-sdk/sdk/2.1.0/src/rp2_common/pico_divider/divider_hardware.S.o
                0x100024b4                div_s64s64
                0x100024b4                divmod_s64s64
                0x100024b4                __wrap___aeabi_ldivmod
                0x100024e4                div_u64u64
                0x100024e4                divmod_u64u64
                0x100024e4                __wrap___aeabi_uldivmod
                0x100024f4                divmod_u64u64_savestate
                0x10002514                divmod_s64s64_unsafe
                0x1000259c                divmod_u64u64_unsafe
 .text.__wrap___aeabi_darithmetic
                0x100028d8       0x60 CMakeFiles/interrupcoes.dir/home/ylo/.pico-sdk/sdk/2.1.0/src/rp2_common/pico_double/double_aeabi_rp2040.S.o
                0x100028d8                __wrap___aeabi_drsub
                0x100028de                __wrap___aeabi_dsub
                0x100028e8                __wrap___aeabi_dadd
                0x100028f2                __wrap___aeabi_ddiv
                0x10002926                __wrap___aeabi_dmul
 .text.__wrap___aeabi_cdcmple
                0x10002938       0x6c CMakeFiles/interrupcoes.dir/home/ylo/.pico-sdk/sdk/2.1.0/src/rp2_common/pico_double/double_aeabi_rp2040.S.o
                0x10002938                __wrap___aeabi_cdrcmple
                0x10002948                __wrap___aeabi_cdcmple
                0x10002948                __wrap___aeabi_cdcmpeq
 .text.__wrap___aeabi_dcmplt
                0x100029a4        0xc CMakeFiles/interrupcoes.dir/home/ylo/.pico-sdk/sdk/2.1.0/src/rp2_common/pico_double/double_aeabi_rp2040.S.o
                0x100029a4                __wrap___aeabi_dcmplt
 .text.__wrap___aeabi_dcmpge
                0x100029b0       0x10 CMakeFiles/interrupcoes.dir/home/ylo/.pico-sdk/sdk/2.1.0/src/rp2_common/pico_double/double_aeabi_rp2040.S.o
                0x100029b0                __wrap___aeabi_dcmpge
 .text.__wrap___aeabi_dcmpgt
                0x100029c0        0xa CMakeFiles/interrupcoes.dir/home/ylo/.pico-sdk/sdk/2.1.0/src/rp2_common/pico_double/double_aeabi_rp2040.S.o
                0x100029c0                __wrap___aeabi_dcmpgt
 .text.__wrap___aeabi_dcmpun
                0x100029ca       0x18 CMakeFiles/interrupcoes.dir/home/ylo/.pico-sdk/sdk/2.1.0/src/rp2_common/pico_double/double_aeabi_rp2040.S.o
                0x100029ca                __wrap___aeabi_dcmpun
 *fill*         0x100029e2        0x2 
 .text.__wrap___aeabi_i2d
                0x100029e4       0x38 CMakeFiles/interrupcoes.dir/home/ylo/.pico-sdk/sdk/2.1.0/src/rp2_common/pico_double/double_aeabi_rp2040.S.o
                0x100029e4                __wrap___aeabi_ui2d
                0x100029ec                __wrap___aeabi_i2d
 .text.__wrap___aeabi_d2iz
                0x10002a1c       0x48 CMakeFiles/interrupcoes.dir/home/ylo/.pico-sdk/sdk/2.1.0/src/rp2_common/pico_double/double_aeabi_rp2040.S.o
                0x10002a1c                __wrap___aeabi_d2iz
                0x10002a1c                double2int_z
 .text.__wrap___aeabi_d2uiz
                0x10002a64       0x10 CMakeFiles/interrupcoes.dir/home/ylo/.pico-sdk/sdk/2.1.0/src/rp2_common/pico_double/double_aeabi_rp2040.S.o
                0x10002a64                double2uint
                0x10002a64                __wrap___aeabi_d2uiz
 .text.__wrap___aeabi_d2f
                0x10002a74       0x10 CMakeFiles/interrupcoes.dir/home/ylo/.pico-sdk/sdk/2.1.0/src/rp2_common/pico_double/double_aeabi_rp2040.S.o
                0x10002a74                __wrap___aeabi_d2f
 .text.missing_double_func_shim
                0x10002a84        0xc CMakeFiles/interrupcoes.dir/home/ylo/.pico-sdk/sdk/2.1.0/src/rp2_common/pico_double/double_init_rom_rp2040.c.o
 .text.__aeabi_double_init
                0x10002a90       0xa0 CMakeFiles/interrupcoes.dir/home/ylo/.pico-sdk/sdk/2.1.0/src/rp2_common/pico_double/double_init_rom_rp2040.c.o
                0x10002a90                __aeabi_double_init
 .text.double_table_shim_on_use_helper
                0x10002b30       0x2c CMakeFiles/interrupcoes.dir/home/ylo/.pico-sdk/sdk/2.1.0/src/rp2_common/pico_double/double_v1_rom_shim_rp2040.S.o
                0x10002b30                double_table_shim_on_use_helper
 .text.__aeabi_lmul
                0x10002b5c       0x32 CMakeFiles/interrupcoes.dir/home/ylo/.pico-sdk/sdk/2.1.0/src/rp2_common/pico_int64_ops/pico_int64_ops_aeabi.S.o
                0x10002b5c                __wrap___aeabi_lmul
 *fill*         0x10002b8e        0x2 
 .text.__wrap___aeabi_farithmetic
                0x10002b90       0x48 CMakeFiles/interrupcoes.dir/home/ylo/.pico-sdk/sdk/2.1.0/src/rp2_common/pico_float/float_aeabi_rp2040.S.o
                0x10002b90                __wrap___aeabi_frsub
                0x10002b96                __wrap___aeabi_fsub
                0x10002b9c                __wrap___aeabi_fadd
                0x10002ba2                __wrap___aeabi_fdiv
                0x10002bca                __wrap___aeabi_fmul
 .text.__wrap___aeabi_ui2f
                0x10002bd8        0xa CMakeFiles/interrupcoes.dir/home/ylo/.pico-sdk/sdk/2.1.0/src/rp2_common/pico_float/float_aeabi_rp2040.S.o
                0x10002bd8                uint2float
                0x10002bd8                __wrap___aeabi_ui2f
 *fill*         0x10002be2        0x2 
 .text.__wrap___aeabi_i2f
                0x10002be4       0x44 CMakeFiles/interrupcoes.dir/home/ylo/.pico-sdk/sdk/2.1.0/src/rp2_common/pico_float/float_aeabi_rp2040.S.o
                0x10002be4                int2float
                0x10002be4                __wrap___aeabi_i2f
 .text.__wrap___aeabi_f2uiz
                0x10002c28        0xc CMakeFiles/interrupcoes.dir/home/ylo/.pico-sdk/sdk/2.1.0/src/rp2_common/pico_float/float_aeabi_rp2040.S.o
                0x10002c28                float2uint_z
                0x10002c28                __wrap___aeabi_f2uiz
 .text.missing_float_func_shim
                0x10002c34        0xc CMakeFiles/interrupcoes.dir/home/ylo/.pico-sdk/sdk/2.1.0/src/rp2_common/pico_float/float_init_rom_rp2040.c.o
 .text.__aeabi_float_init
                0x10002c40       0x5c CMakeFiles/interrupcoes.dir/home/ylo/.pico-sdk/sdk/2.1.0/src/rp2_common/pico_float/float_init_rom_rp2040.c.o
                0x10002c40                __aeabi_float_init
 .text          0x10002c9c       0x10 CMakeFiles/interrupcoes.dir/home/ylo/.pico-sdk/sdk/2.1.0/src/rp2_common/pico_mem_ops/mem_ops_aeabi.S.o
                0x10002c9c                __aeabi_mem_init
 .text.memset   0x10002cac        0xc CMakeFiles/interrupcoes.dir/home/ylo/.pico-sdk/sdk/2.1.0/src/rp2_common/pico_mem_ops/mem_ops_aeabi.S.o
                0x10002cac                __wrap_memset
 .text.memcpy   0x10002cb8        0xc CMakeFiles/interrupcoes.dir/home/ylo/.pico-sdk/sdk/2.1.0/src/rp2_common/pico_mem_ops/mem_ops_aeabi.S.o
                0x10002cb8                __wrap___aeabi_memcpy
                0x10002cb8                __wrap_memcpy
 .text._out_null
                0x10002cc4        0x4 CMakeFiles/interrupcoes.dir/home/ylo/.pico-sdk/sdk/2.1.0/src/rp2_common/pico_printf/printf.c.o
 .text._out_rev
                0x10002cc8       0xac CMakeFiles/interrupcoes.dir/home/ylo/.pico-sdk/sdk/2.1.0/src/rp2_common/pico_printf/printf.c.o
 .text._ntoa_format
                0x10002d74      0x250 CMakeFiles/interrupcoes.dir/home/ylo/.pico-sdk/sdk/2.1.0/src/rp2_common/pico_printf/printf.c.o
 .text._out_char
                0x10002fc4       0x10 CMakeFiles/interrupcoes.dir/home/ylo/.pico-sdk/sdk/2.1.0/src/rp2_common/pico_printf/printf.c.o
 .text._out_fct
                0x10002fd4       0x10 CMakeFiles/interrupcoes.dir/home/ylo/.pico-sdk/sdk/2.1.0/src/rp2_common/pico_printf/printf.c.o
 .text._etoa    0x10002fe4      0x464 CMakeFiles/interrupcoes.dir/home/ylo/.pico-sdk/sdk/2.1.0/src/rp2_common/pico_printf/printf.c.o
 .text._ftoa    0x10003448      0x3c0 CMakeFiles/interrupcoes.dir/home/ylo/.pico-sdk/sdk/2.1.0/src/rp2_common/pico_printf/printf.c.o
 .text._vsnprintf
                0x10003808      0xbc8 CMakeFiles/interrupcoes.dir/home/ylo/.pico-sdk/sdk/2.1.0/src/rp2_common/pico_printf/printf.c.o
 .text.vfctprintf
                0x100043d0       0x20 CMakeFiles/interrupcoes.dir/home/ylo/.pico-sdk/sdk/2.1.0/src/rp2_common/pico_printf/printf.c.o
                0x100043d0                vfctprintf
 .text.weak_raw_vprintf
                0x100043f0       0x30 CMakeFiles/interrupcoes.dir/home/ylo/.pico-sdk/sdk/2.1.0/src/rp2_common/pico_printf/printf.c.o
                0x100043f0                weak_raw_vprintf
 .text._exit    0x10004420        0x4 CMakeFiles/interrupcoes.dir/home/ylo/.pico-sdk/sdk/2.1.0/src/rp2_common/pico_clib_interface/newlib_interface.c.o
                0x10004420                _exit
 .text.exit     0x10004424        0x8 CMakeFiles/interrupcoes.dir/home/ylo/.pico-sdk/sdk/2.1.0/src/rp2_common/pico_clib_interface/newlib_interface.c.o
                0x10004424                exit
 .text.runtime_init
                0x1000442c       0x2c CMakeFiles/interrupcoes.dir/home/ylo/.pico-sdk/sdk/2.1.0/src/rp2_common/pico_clib_interface/newlib_interface.c.o
                0x1000442c                runtime_init
 .text.stdio_out_chars_no_crlf
                0x10004458       0x10 CMakeFiles/interrupcoes.dir/home/ylo/.pico-sdk/sdk/2.1.0/src/rp2_common/pico_stdio/stdio.c.o
 .text.stdio_out_chars_crlf
                0x10004468       0x94 CMakeFiles/interrupcoes.dir/home/ylo/.pico-sdk/sdk/2.1.0/src/rp2_common/pico_stdio/stdio.c.o
 .text.stdio_buffered_printer
                0x100044fc       0x64 CMakeFiles/interrupcoes.dir/home/ylo/.pico-sdk/sdk/2.1.0/src/rp2_common/pico_stdio/stdio.c.o
 .text.stdio_put_string
                0x10004560      0x100 CMakeFiles/interrupcoes.dir/home/ylo/.pico-sdk/sdk/2.1.0/src/rp2_common/pico_stdio/stdio.c.o
                0x10004560                stdio_put_string
 .text.stdio_set_driver_enabled
                0x10004660       0x30 CMakeFiles/interrupcoes.dir/home/ylo/.pico-sdk/sdk/2.1.0/src/rp2_common/pico_stdio/stdio.c.o
                0x10004660                stdio_set_driver_enabled
 .text.stdio_init_all
                0x10004690        0x8 CMakeFiles/interrupcoes.dir/home/ylo/.pico-sdk/sdk/2.1.0/src/rp2_common/pico_stdio/stdio.c.o
                0x10004690                stdio_init_all
 .text.__wrap_putchar
                0x10004698       0x98 CMakeFiles/interrupcoes.dir/home/ylo/.pico-sdk/sdk/2.1.0/src/rp2_common/pico_stdio/stdio.c.o
                0x10004698                stdio_putchar
                0x10004698                __wrap_putchar
 .text.__wrap_puts
                0x10004730       0x3c CMakeFiles/interrupcoes.dir/home/ylo/.pico-sdk/sdk/2.1.0/src/rp2_common/pico_stdio/stdio.c.o
                0x10004730                __wrap_puts
                0x10004730                stdio_puts
 .text.__wrap_vprintf
                0x1000476c       0xd4 CMakeFiles/interrupcoes.dir/home/ylo/.pico-sdk/sdk/2.1.0/src/rp2_common/pico_stdio/stdio.c.o
                0x1000476c                __wrap_vprintf
                0x1000476c                stdio_vprintf
 .text.__wrap_printf
                0x10004840       0x18 CMakeFiles/interrupcoes.dir/home/ylo/.pico-sdk/sdk/2.1.0/src/rp2_common/pico_stdio/stdio.c.o
                0x10004840                stdio_printf
                0x10004840                __wrap_printf
 .text.resetd_init
                0x10004858        0x4 CMakeFiles/interrupcoes.dir/home/ylo/.pico-sdk/sdk/2.1.0/src/rp2_common/pico_stdio_usb/reset_interface.c.o
 .text.resetd_reset
                0x1000485c        0xc CMakeFiles/interrupcoes.dir/home/ylo/.pico-sdk/sdk/2.1.0/src/rp2_common/pico_stdio_usb/reset_interface.c.o
 .text.resetd_open
                0x10004868       0x28 CMakeFiles/interrupcoes.dir/home/ylo/.pico-sdk/sdk/2.1.0/src/rp2_common/pico_stdio_usb/reset_interface.c.o
 .text.resetd_xfer_cb
                0x10004890        0x4 CMakeFiles/interrupcoes.dir/home/ylo/.pico-sdk/sdk/2.1.0/src/rp2_common/pico_stdio_usb/reset_interface.c.o
 .text.resetd_control_xfer_cb
                0x10004894       0x5c CMakeFiles/interrupcoes.dir/home/ylo/.pico-sdk/sdk/2.1.0/src/rp2_common/pico_stdio_usb/reset_interface.c.o
 .text.tud_descriptor_bos_cb
                0x100048f0        0x8 CMakeFiles/interrupcoes.dir/home/ylo/.pico-sdk/sdk/2.1.0/src/rp2_common/pico_stdio_usb/reset_interface.c.o
                0x100048f0                tud_descriptor_bos_cb
 .text.tud_vendor_control_xfer_cb
                0x100048f8       0x34 CMakeFiles/interrupcoes.dir/home/ylo/.pico-sdk/sdk/2.1.0/src/rp2_common/pico_stdio_usb/reset_interface.c.o
                0x100048f8                tud_vendor_control_xfer_cb
 .text.usbd_app_driver_get_cb
                0x1000492c        0xc CMakeFiles/interrupcoes.dir/home/ylo/.pico-sdk/sdk/2.1.0/src/rp2_common/pico_stdio_usb/reset_interface.c.o
                0x1000492c                usbd_app_driver_get_cb
 .text.tud_cdc_line_coding_cb
                0x10004938       0x2c CMakeFiles/interrupcoes.dir/home/ylo/.pico-sdk/sdk/2.1.0/src/rp2_common/pico_stdio_usb/reset_interface.c.o
                0x10004938                tud_cdc_line_coding_cb
 .text.stdio_usb_set_chars_available_callback
                0x10004964       0x14 CMakeFiles/interrupcoes.dir/home/ylo/.pico-sdk/sdk/2.1.0/src/rp2_common/pico_stdio_usb/stdio_usb.c.o
                0x10004964                stdio_usb_set_chars_available_callback
 .text.usb_irq  0x10004978       0x10 CMakeFiles/interrupcoes.dir/home/ylo/.pico-sdk/sdk/2.1.0/src/rp2_common/pico_stdio_usb/stdio_usb.c.o
 .text.timer_task
                0x10004988       0x64 CMakeFiles/interrupcoes.dir/home/ylo/.pico-sdk/sdk/2.1.0/src/rp2_common/pico_stdio_usb/stdio_usb.c.o
 .text.stdio_usb_in_chars
                0x100049ec       0x90 CMakeFiles/interrupcoes.dir/home/ylo/.pico-sdk/sdk/2.1.0/src/rp2_common/pico_stdio_usb/stdio_usb.c.o
                0x100049ec                stdio_usb_in_chars
 .text.stdio_usb_out_flush
                0x10004a7c       0x50 CMakeFiles/interrupcoes.dir/home/ylo/.pico-sdk/sdk/2.1.0/src/rp2_common/pico_stdio_usb/stdio_usb.c.o
 .text.stdio_usb_out_chars
                0x10004acc      0x104 CMakeFiles/interrupcoes.dir/home/ylo/.pico-sdk/sdk/2.1.0/src/rp2_common/pico_stdio_usb/stdio_usb.c.o
 .text.low_priority_worker_irq
                0x10004bd0       0xcc CMakeFiles/interrupcoes.dir/home/ylo/.pico-sdk/sdk/2.1.0/src/rp2_common/pico_stdio_usb/stdio_usb.c.o
 .text.stdio_usb_init
                0x10004c9c       0xe8 CMakeFiles/interrupcoes.dir/home/ylo/.pico-sdk/sdk/2.1.0/src/rp2_common/pico_stdio_usb/stdio_usb.c.o
                0x10004c9c                stdio_usb_init
 .text.tud_descriptor_device_cb
                0x10004d84        0x8 CMakeFiles/interrupcoes.dir/home/ylo/.pico-sdk/sdk/2.1.0/src/rp2_common/pico_stdio_usb/stdio_usb_descriptors.c.o
                0x10004d84                tud_descriptor_device_cb
 .text.tud_descriptor_configuration_cb
                0x10004d8c        0x8 CMakeFiles/interrupcoes.dir/home/ylo/.pico-sdk/sdk/2.1.0/src/rp2_common/pico_stdio_usb/stdio_usb_descriptors.c.o
                0x10004d8c                tud_descriptor_configuration_cb
 .text.tud_descriptor_string_cb
                0x10004d94       0x78 CMakeFiles/interrupcoes.dir/home/ylo/.pico-sdk/sdk/2.1.0/src/rp2_common/pico_stdio_usb/stdio_usb_descriptors.c.o
                0x10004d94                tud_descriptor_string_cb
 .text.startup._retrieve_unique_id_on_boot
                0x10004e0c       0x10 CMakeFiles/interrupcoes.dir/home/ylo/.pico-sdk/sdk/2.1.0/src/rp2_common/pico_unique_id/unique_id.c.o
 .text.pico_get_unique_board_id_string
                0x10004e1c      0x1a8 CMakeFiles/interrupcoes.dir/home/ylo/.pico-sdk/sdk/2.1.0/src/rp2_common/pico_unique_id/unique_id.c.o
                0x10004e1c                pico_get_unique_board_id_string
 .text.flash_get_unique_id
                0x10004fc4       0x3c CMakeFiles/interrupcoes.dir/home/ylo/.pico-sdk/sdk/2.1.0/src/rp2_common/hardware_flash/flash.c.o
                0x10004fc4                flash_get_unique_id
 .text.dcd_init
                0x10005000       0x8c CMakeFiles/interrupcoes.dir/home/ylo/.pico-sdk/sdk/2.1.0/lib/tinyusb/src/portable/raspberrypi/rp2040/dcd_rp2040.c.o
                0x10005000                dcd_init
 .text.dcd_int_enable
                0x1000508c        0xc CMakeFiles/interrupcoes.dir/home/ylo/.pico-sdk/sdk/2.1.0/lib/tinyusb/src/portable/raspberrypi/rp2040/dcd_rp2040.c.o
                0x1000508c                dcd_int_enable
 .text.dcd_set_address
                0x10005098       0x14 CMakeFiles/interrupcoes.dir/home/ylo/.pico-sdk/sdk/2.1.0/lib/tinyusb/src/portable/raspberrypi/rp2040/dcd_rp2040.c.o
                0x10005098                dcd_set_address
 .text.dcd_sof_enable
                0x100050ac       0x1c CMakeFiles/interrupcoes.dir/home/ylo/.pico-sdk/sdk/2.1.0/lib/tinyusb/src/portable/raspberrypi/rp2040/dcd_rp2040.c.o
                0x100050ac                dcd_sof_enable
 .text.dcd_edpt0_status_complete
                0x100050c8       0x1c CMakeFiles/interrupcoes.dir/home/ylo/.pico-sdk/sdk/2.1.0/lib/tinyusb/src/portable/raspberrypi/rp2040/dcd_rp2040.c.o
                0x100050c8                dcd_edpt0_status_complete
 .text.dcd_edpt_open
                0x100050e4      0x108 CMakeFiles/interrupcoes.dir/home/ylo/.pico-sdk/sdk/2.1.0/lib/tinyusb/src/portable/raspberrypi/rp2040/dcd_rp2040.c.o
                0x100050e4                dcd_edpt_open
 .text.dcd_edpt_close_all
                0x100051ec        0x8 CMakeFiles/interrupcoes.dir/home/ylo/.pico-sdk/sdk/2.1.0/lib/tinyusb/src/portable/raspberrypi/rp2040/dcd_rp2040.c.o
                0x100051ec                dcd_edpt_close_all
 .text.dcd_edpt_xfer
                0x100051f4       0x24 CMakeFiles/interrupcoes.dir/home/ylo/.pico-sdk/sdk/2.1.0/lib/tinyusb/src/portable/raspberrypi/rp2040/dcd_rp2040.c.o
                0x100051f4                dcd_edpt_xfer
 .text.dcd_edpt_stall
                0x10005218       0x34 CMakeFiles/interrupcoes.dir/home/ylo/.pico-sdk/sdk/2.1.0/lib/tinyusb/src/portable/raspberrypi/rp2040/dcd_rp2040.c.o
                0x10005218                dcd_edpt_stall
 .text.dcd_edpt_clear_stall
                0x1000524c       0x30 CMakeFiles/interrupcoes.dir/home/ylo/.pico-sdk/sdk/2.1.0/lib/tinyusb/src/portable/raspberrypi/rp2040/dcd_rp2040.c.o
                0x1000524c                dcd_edpt_clear_stall
 .text.rp2040_usb_init
                0x1000527c       0x40 CMakeFiles/interrupcoes.dir/home/ylo/.pico-sdk/sdk/2.1.0/lib/tinyusb/src/portable/raspberrypi/rp2040/rp2040_usb.c.o
                0x1000527c                rp2040_usb_init
 .text.hw_endpoint_xfer_start
                0x100052bc       0x40 CMakeFiles/interrupcoes.dir/home/ylo/.pico-sdk/sdk/2.1.0/lib/tinyusb/src/portable/raspberrypi/rp2040/rp2040_usb.c.o
                0x100052bc                hw_endpoint_xfer_start
 .text.tud_event_hook_cb
                0x100052fc        0x4 CMakeFiles/interrupcoes.dir/home/ylo/.pico-sdk/sdk/2.1.0/lib/tinyusb/src/device/usbd.c.o
                0x100052fc                tud_event_hook_cb
 .text.tud_sof_cb
                0x10005300        0x4 CMakeFiles/interrupcoes.dir/home/ylo/.pico-sdk/sdk/2.1.0/lib/tinyusb/src/device/usbd.c.o
                0x10005300                tud_sof_cb
 .text.tud_descriptor_device_qualifier_cb
                0x10005304        0x4 CMakeFiles/interrupcoes.dir/home/ylo/.pico-sdk/sdk/2.1.0/lib/tinyusb/src/device/usbd.c.o
                0x10005304                tud_descriptor_device_qualifier_cb
 .text.tud_descriptor_other_speed_configuration_cb
                0x10005308        0x4 CMakeFiles/interrupcoes.dir/home/ylo/.pico-sdk/sdk/2.1.0/lib/tinyusb/src/device/usbd.c.o
                0x10005308                tud_descriptor_other_speed_configuration_cb
 .text.tud_mount_cb
                0x1000530c        0x4 CMakeFiles/interrupcoes.dir/home/ylo/.pico-sdk/sdk/2.1.0/lib/tinyusb/src/device/usbd.c.o
                0x1000530c                tud_mount_cb
 .text.tud_umount_cb
                0x10005310        0x4 CMakeFiles/interrupcoes.dir/home/ylo/.pico-sdk/sdk/2.1.0/lib/tinyusb/src/device/usbd.c.o
                0x10005310                tud_umount_cb
 .text.tud_suspend_cb
                0x10005314        0x4 CMakeFiles/interrupcoes.dir/home/ylo/.pico-sdk/sdk/2.1.0/lib/tinyusb/src/device/usbd.c.o
                0x10005314                tud_suspend_cb
 .text.tud_resume_cb
                0x10005318        0x4 CMakeFiles/interrupcoes.dir/home/ylo/.pico-sdk/sdk/2.1.0/lib/tinyusb/src/device/usbd.c.o
                0x10005318                tud_resume_cb
 .text.tud_mounted
                0x1000531c       0x10 CMakeFiles/interrupcoes.dir/home/ylo/.pico-sdk/sdk/2.1.0/lib/tinyusb/src/device/usbd.c.o
                0x1000531c                tud_mounted
 .text.tud_suspended
                0x1000532c       0x10 CMakeFiles/interrupcoes.dir/home/ylo/.pico-sdk/sdk/2.1.0/lib/tinyusb/src/device/usbd.c.o
                0x1000532c                tud_suspended
 .text.tud_init
                0x1000533c       0xe4 CMakeFiles/interrupcoes.dir/home/ylo/.pico-sdk/sdk/2.1.0/lib/tinyusb/src/device/usbd.c.o
                0x1000533c                tud_init
 .text.tud_task_ext
                0x10005420      0x800 CMakeFiles/interrupcoes.dir/home/ylo/.pico-sdk/sdk/2.1.0/lib/tinyusb/src/device/usbd.c.o
                0x10005420                tud_task_ext
 .text.usbd_open_edpt_pair
                0x10005c20       0x9c CMakeFiles/interrupcoes.dir/home/ylo/.pico-sdk/sdk/2.1.0/lib/tinyusb/src/device/usbd.c.o
                0x10005c20                usbd_open_edpt_pair
 .text.usbd_edpt_open
                0x10005cbc       0x34 CMakeFiles/interrupcoes.dir/home/ylo/.pico-sdk/sdk/2.1.0/lib/tinyusb/src/device/usbd.c.o
                0x10005cbc                usbd_edpt_open
 .text.usbd_edpt_claim
                0x10005cf0       0x28 CMakeFiles/interrupcoes.dir/home/ylo/.pico-sdk/sdk/2.1.0/lib/tinyusb/src/device/usbd.c.o
                0x10005cf0                usbd_edpt_claim
 .text.usbd_edpt_release
                0x10005d18       0x28 CMakeFiles/interrupcoes.dir/home/ylo/.pico-sdk/sdk/2.1.0/lib/tinyusb/src/device/usbd.c.o
                0x10005d18                usbd_edpt_release
 .text.usbd_edpt_xfer
                0x10005d40       0x4c CMakeFiles/interrupcoes.dir/home/ylo/.pico-sdk/sdk/2.1.0/lib/tinyusb/src/device/usbd.c.o
                0x10005d40                usbd_edpt_xfer
 .text.tud_control_status
                0x10005d8c       0x2c CMakeFiles/interrupcoes.dir/home/ylo/.pico-sdk/sdk/2.1.0/lib/tinyusb/src/device/usbd_control.c.o
                0x10005d8c                tud_control_status
 .text.tud_control_xfer
                0x10005db8       0xac CMakeFiles/interrupcoes.dir/home/ylo/.pico-sdk/sdk/2.1.0/lib/tinyusb/src/device/usbd_control.c.o
                0x10005db8                tud_control_xfer
 .text.usbd_control_reset
                0x10005e64       0x14 CMakeFiles/interrupcoes.dir/home/ylo/.pico-sdk/sdk/2.1.0/lib/tinyusb/src/device/usbd_control.c.o
                0x10005e64                usbd_control_reset
 .text.usbd_control_set_complete_callback
                0x10005e78        0xc CMakeFiles/interrupcoes.dir/home/ylo/.pico-sdk/sdk/2.1.0/lib/tinyusb/src/device/usbd_control.c.o
                0x10005e78                usbd_control_set_complete_callback
 .text.usbd_control_set_request
                0x10005e84       0x1c CMakeFiles/interrupcoes.dir/home/ylo/.pico-sdk/sdk/2.1.0/lib/tinyusb/src/device/usbd_control.c.o
                0x10005e84                usbd_control_set_request
 .text.usbd_control_xfer_cb
                0x10005ea0       0xec CMakeFiles/interrupcoes.dir/home/ylo/.pico-sdk/sdk/2.1.0/lib/tinyusb/src/device/usbd_control.c.o
                0x10005ea0                usbd_control_xfer_cb
 .text._prep_out_transaction.isra.0
                0x10005f8c       0x5c CMakeFiles/interrupcoes.dir/home/ylo/.pico-sdk/sdk/2.1.0/lib/tinyusb/src/class/cdc/cdc_device.c.o
 .text.tud_cdc_n_connected
                0x10005fe8       0x30 CMakeFiles/interrupcoes.dir/home/ylo/.pico-sdk/sdk/2.1.0/lib/tinyusb/src/class/cdc/cdc_device.c.o
                0x10005fe8                tud_cdc_n_connected
 .text.tud_cdc_n_available
                0x10006018       0x18 CMakeFiles/interrupcoes.dir/home/ylo/.pico-sdk/sdk/2.1.0/lib/tinyusb/src/class/cdc/cdc_device.c.o
                0x10006018                tud_cdc_n_available
 .text.tud_cdc_n_read
                0x10006030       0x98 CMakeFiles/interrupcoes.dir/home/ylo/.pico-sdk/sdk/2.1.0/lib/tinyusb/src/class/cdc/cdc_device.c.o
                0x10006030                tud_cdc_n_read
 .text.tud_cdc_n_write_flush
                0x100060c8       0x78 CMakeFiles/interrupcoes.dir/home/ylo/.pico-sdk/sdk/2.1.0/lib/tinyusb/src/class/cdc/cdc_device.c.o
                0x100060c8                tud_cdc_n_write_flush
 .text.tud_cdc_n_write
                0x10006140       0x40 CMakeFiles/interrupcoes.dir/home/ylo/.pico-sdk/sdk/2.1.0/lib/tinyusb/src/class/cdc/cdc_device.c.o
                0x10006140                tud_cdc_n_write
 .text.tud_cdc_n_write_available
                0x10006180       0x18 CMakeFiles/interrupcoes.dir/home/ylo/.pico-sdk/sdk/2.1.0/lib/tinyusb/src/class/cdc/cdc_device.c.o
                0x10006180                tud_cdc_n_write_available
 .text.cdcd_init
                0x10006198       0x7c CMakeFiles/interrupcoes.dir/home/ylo/.pico-sdk/sdk/2.1.0/lib/tinyusb/src/class/cdc/cdc_device.c.o
                0x10006198                cdcd_init
 .text.cdcd_deinit
                0x10006214       0x34 CMakeFiles/interrupcoes.dir/home/ylo/.pico-sdk/sdk/2.1.0/lib/tinyusb/src/class/cdc/cdc_device.c.o
                0x10006214                cdcd_deinit
 .text.cdcd_reset
                0x10006248       0x4c CMakeFiles/interrupcoes.dir/home/ylo/.pico-sdk/sdk/2.1.0/lib/tinyusb/src/class/cdc/cdc_device.c.o
                0x10006248                cdcd_reset
 .text.cdcd_open
                0x10006294       0xb0 CMakeFiles/interrupcoes.dir/home/ylo/.pico-sdk/sdk/2.1.0/lib/tinyusb/src/class/cdc/cdc_device.c.o
                0x10006294                cdcd_open
 .text.cdcd_control_xfer_cb
                0x10006344       0xe4 CMakeFiles/interrupcoes.dir/home/ylo/.pico-sdk/sdk/2.1.0/lib/tinyusb/src/class/cdc/cdc_device.c.o
                0x10006344                cdcd_control_xfer_cb
 .text.cdcd_xfer_cb
                0x10006428      0x100 CMakeFiles/interrupcoes.dir/home/ylo/.pico-sdk/sdk/2.1.0/lib/tinyusb/src/class/cdc/cdc_device.c.o
                0x10006428                cdcd_xfer_cb
 .text.vendord_init
                0x10006528       0x5c CMakeFiles/interrupcoes.dir/home/ylo/.pico-sdk/sdk/2.1.0/lib/tinyusb/src/class/vendor/vendor_device.c.o
                0x10006528                vendord_init
 .text.vendord_deinit
                0x10006584       0x1c CMakeFiles/interrupcoes.dir/home/ylo/.pico-sdk/sdk/2.1.0/lib/tinyusb/src/class/vendor/vendor_device.c.o
                0x10006584                vendord_deinit
 .text.vendord_reset
                0x100065a0       0x20 CMakeFiles/interrupcoes.dir/home/ylo/.pico-sdk/sdk/2.1.0/lib/tinyusb/src/class/vendor/vendor_device.c.o
                0x100065a0                vendord_reset
 .text.vendord_open
                0x100065c0      0x138 CMakeFiles/interrupcoes.dir/home/ylo/.pico-sdk/sdk/2.1.0/lib/tinyusb/src/class/vendor/vendor_device.c.o
                0x100065c0                vendord_open
 .text.vendord_xfer_cb
                0x100066f8       0x9c CMakeFiles/interrupcoes.dir/home/ylo/.pico-sdk/sdk/2.1.0/lib/tinyusb/src/class/vendor/vendor_device.c.o
                0x100066f8                vendord_xfer_cb
 .text.tusb_init
                0x10006794        0xc CMakeFiles/interrupcoes.dir/home/ylo/.pico-sdk/sdk/2.1.0/lib/tinyusb/src/tusb.c.o
                0x10006794                tusb_init
 .text.tu_edpt_claim
                0x100067a0       0x50 CMakeFiles/interrupcoes.dir/home/ylo/.pico-sdk/sdk/2.1.0/lib/tinyusb/src/tusb.c.o
                0x100067a0                tu_edpt_claim
 .text.tu_edpt_release
                0x100067f0       0x38 CMakeFiles/interrupcoes.dir/home/ylo/.pico-sdk/sdk/2.1.0/lib/tinyusb/src/tusb.c.o
                0x100067f0                tu_edpt_release
 .text.tu_edpt_validate
                0x10006828       0x7c CMakeFiles/interrupcoes.dir/home/ylo/.pico-sdk/sdk/2.1.0/lib/tinyusb/src/tusb.c.o
                0x10006828                tu_edpt_validate
 .text.tu_edpt_bind_driver
                0x100068a4       0x34 CMakeFiles/interrupcoes.dir/home/ylo/.pico-sdk/sdk/2.1.0/lib/tinyusb/src/tusb.c.o
                0x100068a4                tu_edpt_bind_driver
 .text.tu_edpt_stream_init
                0x100068d8       0x6c CMakeFiles/interrupcoes.dir/home/ylo/.pico-sdk/sdk/2.1.0/lib/tinyusb/src/tusb.c.o
                0x100068d8                tu_edpt_stream_init
 .text.tu_edpt_stream_deinit
                0x10006944        0x4 CMakeFiles/interrupcoes.dir/home/ylo/.pico-sdk/sdk/2.1.0/lib/tinyusb/src/tusb.c.o
                0x10006944                tu_edpt_stream_deinit
 .text.tu_edpt_stream_write_zlp_if_needed
                0x10006948       0x68 CMakeFiles/interrupcoes.dir/home/ylo/.pico-sdk/sdk/2.1.0/lib/tinyusb/src/tusb.c.o
                0x10006948                tu_edpt_stream_write_zlp_if_needed
 .text.tu_edpt_stream_write_xfer
                0x100069b0       0x64 CMakeFiles/interrupcoes.dir/home/ylo/.pico-sdk/sdk/2.1.0/lib/tinyusb/src/tusb.c.o
                0x100069b0                tu_edpt_stream_write_xfer
 .text.tu_edpt_stream_read_xfer
                0x10006a14       0xdc CMakeFiles/interrupcoes.dir/home/ylo/.pico-sdk/sdk/2.1.0/lib/tinyusb/src/tusb.c.o
                0x10006a14                tu_edpt_stream_read_xfer
 .text.tu_fifo_config
                0x10006af0       0x6c CMakeFiles/interrupcoes.dir/home/ylo/.pico-sdk/sdk/2.1.0/lib/tinyusb/src/common/tusb_fifo.c.o
                0x10006af0                tu_fifo_config
 .text.tu_fifo_count
                0x10006b5c       0x2c CMakeFiles/interrupcoes.dir/home/ylo/.pico-sdk/sdk/2.1.0/lib/tinyusb/src/common/tusb_fifo.c.o
                0x10006b5c                tu_fifo_count
 .text.tu_fifo_empty
                0x10006b88       0x10 CMakeFiles/interrupcoes.dir/home/ylo/.pico-sdk/sdk/2.1.0/lib/tinyusb/src/common/tusb_fifo.c.o
                0x10006b88                tu_fifo_empty
 .text.tu_fifo_remaining
                0x10006b98       0x2c CMakeFiles/interrupcoes.dir/home/ylo/.pico-sdk/sdk/2.1.0/lib/tinyusb/src/common/tusb_fifo.c.o
                0x10006b98                tu_fifo_remaining
 .text.tu_fifo_read
                0x10006bc4       0x9c CMakeFiles/interrupcoes.dir/home/ylo/.pico-sdk/sdk/2.1.0/lib/tinyusb/src/common/tusb_fifo.c.o
                0x10006bc4                tu_fifo_read
 .text.tu_fifo_read_n
                0x10006c60       0xe8 CMakeFiles/interrupcoes.dir/home/ylo/.pico-sdk/sdk/2.1.0/lib/tinyusb/src/common/tusb_fifo.c.o
                0x10006c60                tu_fifo_read_n
 .text.tu_fifo_write
                0x10006d48       0xa8 CMakeFiles/interrupcoes.dir/home/ylo/.pico-sdk/sdk/2.1.0/lib/tinyusb/src/common/tusb_fifo.c.o
                0x10006d48                tu_fifo_write
 .text.tu_fifo_write_n
                0x10006df0      0x178 CMakeFiles/interrupcoes.dir/home/ylo/.pico-sdk/sdk/2.1.0/lib/tinyusb/src/common/tusb_fifo.c.o
                0x10006df0                tu_fifo_write_n
 .text.tu_fifo_clear
                0x10006f68       0x40 CMakeFiles/interrupcoes.dir/home/ylo/.pico-sdk/sdk/2.1.0/lib/tinyusb/src/common/tusb_fifo.c.o
                0x10006f68                tu_fifo_clear
 .text.tu_fifo_set_overwritable
                0x10006fa8       0x48 CMakeFiles/interrupcoes.dir/home/ylo/.pico-sdk/sdk/2.1.0/lib/tinyusb/src/common/tusb_fifo.c.o
                0x10006fa8                tu_fifo_set_overwritable
 .text.pio_claim_unused_sm
                0x10006ff0       0x38 CMakeFiles/interrupcoes.dir/home/ylo/.pico-sdk/sdk/2.1.0/src/rp2_common/hardware_pio/pio.c.o
                0x10006ff0                pio_claim_unused_sm
 .text.pio_add_program
                0x10007028      0x104 CMakeFiles/interrupcoes.dir/home/ylo/.pico-sdk/sdk/2.1.0/src/rp2_common/hardware_pio/pio.c.o
                0x10007028                pio_add_program
 .text.pio_sm_set_consecutive_pindirs
                0x1000712c       0xb4 CMakeFiles/interrupcoes.dir/home/ylo/.pico-sdk/sdk/2.1.0/src/rp2_common/hardware_pio/pio.c.o
                0x1000712c                pio_sm_set_consecutive_pindirs
 .text.pio_sm_init
                0x100071e0       0x9c CMakeFiles/interrupcoes.dir/home/ylo/.pico-sdk/sdk/2.1.0/src/rp2_common/hardware_pio/pio.c.o
                0x100071e0                pio_sm_init
 .text.strlen   0x1000727c       0x5c /home/ylo/.pico-sdk/toolchain/13_3_Rel1/bin/../lib/gcc/arm-none-eabi/13.3.1/../../../../arm-none-eabi/lib/thumb/v6-m/nofp/libg.a(libc_a-strlen-stub.o)
                0x1000727c                strlen
 *(.fini)
 .fini          0x100072d8        0x4 /home/ylo/.pico-sdk/toolchain/13_3_Rel1/bin/../lib/gcc/arm-none-eabi/13.3.1/thumb/v6-m/nofp/crti.o
                0x100072d8                _fini
 *fill*         0x100072dc        0x4 
 .fini.__stub   0x100072e0       0xc0 linker stubs
 *crtbegin.o(.ctors)
 *crtbegin?.o(.ctors)
 *(EXCLUDE_FILE(*crtend.o *crtend?.o) .ctors)
 *(SORT_BY_NAME(.ctors.*))
 *(.ctors)
 *crtbegin.o(.dtors)
 *crtbegin?.o(.dtors)
 *(EXCLUDE_FILE(*crtend.o *crtend?.o) .dtors)
 *(SORT_BY_NAME(.dtors.*))
 *(.dtors)
                0x100073a0                        . = ALIGN (0x4)
                0x100073a0                        PROVIDE (__preinit_array_start = .)
 *(SORT_BY_NAME(.preinit_array.*))
 .preinit_array.00100
                0x100073a0        0x4 CMakeFiles/interrupcoes.dir/home/ylo/.pico-sdk/sdk/2.1.0/src/rp2_common/pico_runtime_init/runtime_init.c.o
                0x100073a0                __pre_init_runtime_init_early_resets
 .preinit_array.00101
                0x100073a4        0x4 CMakeFiles/interrupcoes.dir/home/ylo/.pico-sdk/sdk/2.1.0/src/rp2_common/pico_runtime_init/runtime_init.c.o
                0x100073a4                __pre_init_runtime_init_usb_power_down
 .preinit_array.00275
                0x100073a8        0x4 CMakeFiles/interrupcoes.dir/home/ylo/.pico-sdk/sdk/2.1.0/src/rp2_common/pico_bit_ops/bit_ops_aeabi.S.o
 .preinit_array.00300
                0x100073ac        0x4 CMakeFiles/interrupcoes.dir/home/ylo/.pico-sdk/sdk/2.1.0/src/rp2_common/pico_mem_ops/mem_ops_aeabi.S.o
 .preinit_array.00350
                0x100073b0        0x4 CMakeFiles/interrupcoes.dir/home/ylo/.pico-sdk/sdk/2.1.0/src/rp2_common/pico_double/double_aeabi_rp2040.S.o
 .preinit_array.00350
                0x100073b4        0x4 CMakeFiles/interrupcoes.dir/home/ylo/.pico-sdk/sdk/2.1.0/src/rp2_common/pico_float/float_aeabi_rp2040.S.o
 .preinit_array.00500
                0x100073b8        0x4 CMakeFiles/interrupcoes.dir/home/ylo/.pico-sdk/sdk/2.1.0/src/rp2_common/pico_runtime_init/runtime_init.c.o
                0x100073b8                __pre_init_runtime_init_clocks
 .preinit_array.00600
                0x100073bc        0x4 CMakeFiles/interrupcoes.dir/home/ylo/.pico-sdk/sdk/2.1.0/src/rp2_common/pico_runtime_init/runtime_init.c.o
                0x100073bc                __pre_init_runtime_init_post_clock_resets
 .preinit_array.00700
                0x100073c0        0x4 CMakeFiles/interrupcoes.dir/home/ylo/.pico-sdk/sdk/2.1.0/src/rp2_common/pico_runtime_init/runtime_init.c.o
                0x100073c0                __pre_init_runtime_init_rp2040_gpio_ie_disable
 .preinit_array.01000
                0x100073c4        0x4 CMakeFiles/interrupcoes.dir/home/ylo/.pico-sdk/sdk/2.1.0/src/rp2_common/pico_runtime_init/runtime_init.c.o
                0x100073c4                __pre_init_runtime_init_spin_locks_reset
 .preinit_array.01100
                0x100073c8        0x4 CMakeFiles/interrupcoes.dir/home/ylo/.pico-sdk/sdk/2.1.0/src/common/pico_sync/mutex.c.o
                0x100073c8                __pre_init_runtime_init_mutex
 .preinit_array.10080
                0x100073cc        0x4 CMakeFiles/interrupcoes.dir/home/ylo/.pico-sdk/sdk/2.1.0/src/rp2_common/pico_runtime_init/runtime_init.c.o
                0x100073cc                __pre_init_runtime_init_install_ram_vector_table
 .preinit_array.11000
                0x100073d0        0x4 CMakeFiles/interrupcoes.dir/home/ylo/.pico-sdk/sdk/2.1.0/src/common/pico_time/time.c.o
                0x100073d0                __pre_init_runtime_init_default_alarm_pool
 .preinit_array.YYYYY
                0x100073d4        0x4 CMakeFiles/interrupcoes.dir/home/ylo/.pico-sdk/sdk/2.1.0/src/rp2_common/pico_runtime/runtime.c.o
                0x100073d4                __pre_init_first_per_core_initializer
 .preinit_array.ZZZZZ.01200
                0x100073d8        0x4 CMakeFiles/interrupcoes.dir/home/ylo/.pico-sdk/sdk/2.1.0/src/rp2_common/hardware_irq/irq.c.o
                0x100073d8                __pre_init_runtime_init_per_core_irq_priorities
 *(.preinit_array)
                0x100073dc                        PROVIDE (__preinit_array_end = .)
                0x100073dc                        . = ALIGN (0x4)
                0x100073dc                        PROVIDE (__init_array_start = .)
 *(SORT_BY_NAME(.init_array.*))
 *(.init_array)
 .init_array    0x100073dc        0x4 /home/ylo/.pico-sdk/toolchain/13_3_Rel1/bin/../lib/gcc/arm-none-eabi/13.3.1/thumb/v6-m/nofp/crtbegin.o
 .init_array    0x100073e0        0x4 CMakeFiles/interrupcoes.dir/home/ylo/.pico-sdk/sdk/2.1.0/src/rp2_common/pico_unique_id/unique_id.c.o
                0x100073e4                        PROVIDE (__init_array_end = .)
                0x100073e4                        . = ALIGN (0x4)
                [!provide]                        PROVIDE (__fini_array_start = .)
 *(SORT_BY_NAME(.fini_array.*))
 *(.fini_array)
                [!provide]                        PROVIDE (__fini_array_end = .)
 *(.eh_frame*)
 .eh_frame      0x100073e4        0x0 /home/ylo/.pico-sdk/toolchain/13_3_Rel1/bin/../lib/gcc/arm-none-eabi/13.3.1/thumb/v6-m/nofp/crtbegin.o
                0x100073e4                        . = ALIGN (0x4)

.glue_7         0x100073e4        0x0
 .glue_7        0x100073e4        0x0 linker stubs

.glue_7t        0x100073e4        0x0
 .glue_7t       0x100073e4        0x0 linker stubs

.vfp11_veneer   0x100073e4        0x0
 .vfp11_veneer  0x100073e4        0x0 linker stubs

.v4_bx          0x100073e4        0x0
 .v4_bx         0x100073e4        0x0 linker stubs

.iplt           0x100073e4        0x0
 .iplt          0x100073e4        0x0 /home/ylo/.pico-sdk/toolchain/13_3_Rel1/bin/../lib/gcc/arm-none-eabi/13.3.1/thumb/v6-m/nofp/crtbegin.o

.rodata         0x100073e8      0x6d4
 *(EXCLUDE_FILE(*libm.a: *libc.a:*lib_a-mem*.o *libgcc.a:) .rodata*)
 .rodata.gpio_irq_handler.str1.4
                0x100073e8      0x208 CMakeFiles/interrupcoes.dir/interrupcoes.c.o
                                 0x22 (size before relaxing)
 .rodata.main.str1.4
                0x100075f0       0x32 CMakeFiles/interrupcoes.dir/interrupcoes.c.o
 .rodata.led_program
                0x100075f0        0x8 CMakeFiles/interrupcoes.dir/interrupcoes.c.o
 .rodata.led_program_instructions
                0x100075f8        0xe CMakeFiles/interrupcoes.dir/interrupcoes.c.o
 .rodata.panic.str1.4
                0x10007606       0x12 CMakeFiles/interrupcoes.dir/home/ylo/.pico-sdk/sdk/2.1.0/src/rp2_common/pico_platform_panic/panic.c.o
 .rodata.spin_lock_claim_unused.str1.4
                0x10007606       0x1b CMakeFiles/interrupcoes.dir/home/ylo/.pico-sdk/sdk/2.1.0/src/rp2_common/hardware_sync/sync.c.o
 .rodata.user_irq_claim_unused.str1.4
                0x10007606       0x1b CMakeFiles/interrupcoes.dir/home/ylo/.pico-sdk/sdk/2.1.0/src/rp2_common/hardware_irq/irq.c.o
 .rodata.timer_hardware_alarm_claim.str1.4
                0x10007606       0x22 CMakeFiles/interrupcoes.dir/home/ylo/.pico-sdk/sdk/2.1.0/src/rp2_common/hardware_timer/timer.c.o
 .rodata.hard_assertion_failure.str1.4
                0x10007606        0xc CMakeFiles/interrupcoes.dir/home/ylo/.pico-sdk/sdk/2.1.0/src/rp2_common/pico_runtime/runtime.c.o
 .rodata.missing_double_func_shim.str1.4
                0x10007606       0x18 CMakeFiles/interrupcoes.dir/home/ylo/.pico-sdk/sdk/2.1.0/src/rp2_common/pico_double/double_init_rom_rp2040.c.o
 .rodata.missing_float_func_shim.str1.4
                0x10007606        0x1 CMakeFiles/interrupcoes.dir/home/ylo/.pico-sdk/sdk/2.1.0/src/rp2_common/pico_float/float_init_rom_rp2040.c.o
 .rodata.str1.4
                0x10007606       0x48 CMakeFiles/interrupcoes.dir/home/ylo/.pico-sdk/sdk/2.1.0/src/rp2_common/pico_standard_binary_info/standard_binary_info.c.o
 *fill*         0x10007606        0x2 
 .rodata.__bi_84
                0x10007608        0xc CMakeFiles/interrupcoes.dir/home/ylo/.pico-sdk/sdk/2.1.0/src/rp2_common/pico_standard_binary_info/standard_binary_info.c.o
 .rodata.__bi_78
                0x10007614        0xc CMakeFiles/interrupcoes.dir/home/ylo/.pico-sdk/sdk/2.1.0/src/rp2_common/pico_standard_binary_info/standard_binary_info.c.o
 .rodata.__bi_60
                0x10007620        0xc CMakeFiles/interrupcoes.dir/home/ylo/.pico-sdk/sdk/2.1.0/src/rp2_common/pico_standard_binary_info/standard_binary_info.c.o
 .rodata.__bi_54
                0x1000762c        0xc CMakeFiles/interrupcoes.dir/home/ylo/.pico-sdk/sdk/2.1.0/src/rp2_common/pico_standard_binary_info/standard_binary_info.c.o
 .rodata.__bi_48
                0x10007638        0xc CMakeFiles/interrupcoes.dir/home/ylo/.pico-sdk/sdk/2.1.0/src/rp2_common/pico_standard_binary_info/standard_binary_info.c.o
 .rodata.__bi_42
                0x10007644        0xc CMakeFiles/interrupcoes.dir/home/ylo/.pico-sdk/sdk/2.1.0/src/rp2_common/pico_standard_binary_info/standard_binary_info.c.o
 .rodata.__bi_34
                0x10007650        0xc CMakeFiles/interrupcoes.dir/home/ylo/.pico-sdk/sdk/2.1.0/src/rp2_common/pico_standard_binary_info/standard_binary_info.c.o
 .rodata.__bi_26
                0x1000765c        0xc CMakeFiles/interrupcoes.dir/home/ylo/.pico-sdk/sdk/2.1.0/src/rp2_common/pico_standard_binary_info/standard_binary_info.c.o
 .rodata._ftoa.str1.4
                0x10007668       0x15 CMakeFiles/interrupcoes.dir/home/ylo/.pico-sdk/sdk/2.1.0/src/rp2_common/pico_printf/printf.c.o
 .rodata._vsnprintf
                0x10007668      0x19c CMakeFiles/interrupcoes.dir/home/ylo/.pico-sdk/sdk/2.1.0/src/rp2_common/pico_printf/printf.c.o
 *fill*         0x10007804        0x4 
 .rodata.pow10.0
                0x10007808       0x50 CMakeFiles/interrupcoes.dir/home/ylo/.pico-sdk/sdk/2.1.0/src/rp2_common/pico_printf/printf.c.o
 .rodata.crlf_str.0
                0x10007858        0x2 CMakeFiles/interrupcoes.dir/home/ylo/.pico-sdk/sdk/2.1.0/src/rp2_common/pico_stdio/stdio.c.o
 *fill*         0x1000785a        0x2 
 .rodata._resetd_driver
                0x1000785c       0x20 CMakeFiles/interrupcoes.dir/home/ylo/.pico-sdk/sdk/2.1.0/src/rp2_common/pico_stdio_usb/reset_interface.c.o
 .rodata.desc_ms_os_20
                0x1000787c       0xa6 CMakeFiles/interrupcoes.dir/home/ylo/.pico-sdk/sdk/2.1.0/src/rp2_common/pico_stdio_usb/reset_interface.c.o
 *fill*         0x10007922        0x2 
 .rodata.desc_bos
                0x10007924       0x21 CMakeFiles/interrupcoes.dir/home/ylo/.pico-sdk/sdk/2.1.0/src/rp2_common/pico_stdio_usb/reset_interface.c.o
                0x10007924                desc_bos
 .rodata.str1.4
                0x10007945       0x13 CMakeFiles/interrupcoes.dir/home/ylo/.pico-sdk/sdk/2.1.0/src/rp2_common/pico_stdio_usb/stdio_usb.c.o
 *fill*         0x10007945        0x3 
 .rodata.__bi_197.0
                0x10007948        0xc CMakeFiles/interrupcoes.dir/home/ylo/.pico-sdk/sdk/2.1.0/src/rp2_common/pico_stdio_usb/stdio_usb.c.o
 .rodata.str1.4
                0x10007954       0x2a CMakeFiles/interrupcoes.dir/home/ylo/.pico-sdk/sdk/2.1.0/src/rp2_common/pico_stdio_usb/stdio_usb_descriptors.c.o
 .rodata.usbd_desc_str
                0x10007954       0x18 CMakeFiles/interrupcoes.dir/home/ylo/.pico-sdk/sdk/2.1.0/src/rp2_common/pico_stdio_usb/stdio_usb_descriptors.c.o
 .rodata.usbd_desc_cfg
                0x1000796c       0x54 CMakeFiles/interrupcoes.dir/home/ylo/.pico-sdk/sdk/2.1.0/src/rp2_common/pico_stdio_usb/stdio_usb_descriptors.c.o
 .rodata.usbd_desc_device
                0x100079c0       0x12 CMakeFiles/interrupcoes.dir/home/ylo/.pico-sdk/sdk/2.1.0/src/rp2_common/pico_stdio_usb/stdio_usb_descriptors.c.o
 .rodata.str1.4
                0x100079d2       0x14 CMakeFiles/interrupcoes.dir/home/ylo/.pico-sdk/sdk/2.1.0/lib/tinyusb/src/portable/raspberrypi/rp2040/dcd_rp2040.c.o
 .rodata.str1.4
                0x100079d2       0x48 CMakeFiles/interrupcoes.dir/home/ylo/.pico-sdk/sdk/2.1.0/lib/tinyusb/src/portable/raspberrypi/rp2040/rp2040_usb.c.o
 *fill*         0x100079d2        0x2 
 .rodata.tud_task_ext
                0x100079d4       0x8c CMakeFiles/interrupcoes.dir/home/ylo/.pico-sdk/sdk/2.1.0/lib/tinyusb/src/device/usbd.c.o
 .rodata        0x10007a60       0x1c CMakeFiles/interrupcoes.dir/home/ylo/.pico-sdk/sdk/2.1.0/lib/tinyusb/src/device/usbd.c.o
 .rodata._usbd_driver
                0x10007a7c       0x40 CMakeFiles/interrupcoes.dir/home/ylo/.pico-sdk/sdk/2.1.0/lib/tinyusb/src/device/usbd.c.o
 .rodata.pio_claim_unused_sm.str1.4
                0x10007abc       0x24 CMakeFiles/interrupcoes.dir/home/ylo/.pico-sdk/sdk/2.1.0/src/rp2_common/hardware_pio/pio.c.o
                0x10007ae0                        . = ALIGN (0x4)
 *(SORT_BY_ALIGNMENT(SORT_BY_NAME(.flashdata*)))
                0x10007ae0                        . = ALIGN (0x4)

.ARM.extab
 *(.ARM.extab* .gnu.linkonce.armextab.*)
                0x10007abc                        __exidx_start = .

.ARM.exidx
 *(.ARM.exidx* .gnu.linkonce.armexidx.*)
                0x10007abc                        __exidx_end = .
                0x10007ae0                        . = ALIGN (0x4)
                0x10007abc                        __binary_info_start = .

.binary_info    0x10007abc       0x24
 *(.binary_info.keep.*)
 .binary_info.keep.__bi_ptr84
                0x10007abc        0x4 CMakeFiles/interrupcoes.dir/home/ylo/.pico-sdk/sdk/2.1.0/src/rp2_common/pico_standard_binary_info/standard_binary_info.c.o
 .binary_info.keep.__bi_ptr78
                0x10007ac0        0x4 CMakeFiles/interrupcoes.dir/home/ylo/.pico-sdk/sdk/2.1.0/src/rp2_common/pico_standard_binary_info/standard_binary_info.c.o
 .binary_info.keep.__bi_ptr60
                0x10007ac4        0x4 CMakeFiles/interrupcoes.dir/home/ylo/.pico-sdk/sdk/2.1.0/src/rp2_common/pico_standard_binary_info/standard_binary_info.c.o
 .binary_info.keep.__bi_ptr54
                0x10007ac8        0x4 CMakeFiles/interrupcoes.dir/home/ylo/.pico-sdk/sdk/2.1.0/src/rp2_common/pico_standard_binary_info/standard_binary_info.c.o
 .binary_info.keep.__bi_ptr48
                0x10007acc        0x4 CMakeFiles/interrupcoes.dir/home/ylo/.pico-sdk/sdk/2.1.0/src/rp2_common/pico_standard_binary_info/standard_binary_info.c.o
 .binary_info.keep.__bi_ptr42
                0x10007ad0        0x4 CMakeFiles/interrupcoes.dir/home/ylo/.pico-sdk/sdk/2.1.0/src/rp2_common/pico_standard_binary_info/standard_binary_info.c.o
 .binary_info.keep.__bi_ptr34
                0x10007ad4        0x4 CMakeFiles/interrupcoes.dir/home/ylo/.pico-sdk/sdk/2.1.0/src/rp2_common/pico_standard_binary_info/standard_binary_info.c.o
 .binary_info.keep.__bi_ptr26
                0x10007ad8        0x4 CMakeFiles/interrupcoes.dir/home/ylo/.pico-sdk/sdk/2.1.0/src/rp2_common/pico_standard_binary_info/standard_binary_info.c.o
 *(.binary_info.*)
 .binary_info.__bi_ptr197
                0x10007adc        0x4 CMakeFiles/interrupcoes.dir/home/ylo/.pico-sdk/sdk/2.1.0/src/rp2_common/pico_stdio_usb/stdio_usb.c.o
                0x10007ae0                        __binary_info_end = .

.rel.dyn        0x10007ae0        0x0
 .rel.iplt      0x10007ae0        0x0 /home/ylo/.pico-sdk/toolchain/13_3_Rel1/bin/../lib/gcc/arm-none-eabi/13.3.1/thumb/v6-m/nofp/crtbegin.o
                0x10007ae0                        . = ALIGN (0x4)

.ram_vector_table
                0x20000000       0xc0
 *(.ram_vector_table)
 .ram_vector_table
                0x20000000       0xc0 CMakeFiles/interrupcoes.dir/home/ylo/.pico-sdk/sdk/2.1.0/src/rp2_common/pico_runtime_init/runtime_init.c.o
                0x20000000                ram_vector_table

.uninitialized_data
                0x200000c0        0x0
                0x200000c0                        . = ALIGN (0x4)
 *(.uninitialized_data*)

.data           0x200000c0     0x17e0 load address 0x10007ae0
                0x200000c0                        __data_start__ = .
 *(vtable)
 *(.time_critical*)
 .time_critical.mutex_try_enter
                0x200000c0       0x40 CMakeFiles/interrupcoes.dir/home/ylo/.pico-sdk/sdk/2.1.0/src/common/pico_sync/mutex.c.o
                0x200000c0                mutex_try_enter
 .time_critical.mutex_try_enter_block_until
                0x20000100       0x9c CMakeFiles/interrupcoes.dir/home/ylo/.pico-sdk/sdk/2.1.0/src/common/pico_sync/mutex.c.o
                0x20000100                mutex_try_enter_block_until
 .time_critical.mutex_enter_timeout_ms
                0x2000019c       0x90 CMakeFiles/interrupcoes.dir/home/ylo/.pico-sdk/sdk/2.1.0/src/common/pico_sync/mutex.c.o
                0x2000019c                mutex_enter_timeout_ms
 .time_critical.mutex_exit
                0x2000022c       0x28 CMakeFiles/interrupcoes.dir/home/ylo/.pico-sdk/sdk/2.1.0/src/common/pico_sync/mutex.c.o
                0x2000022c                mutex_exit
 .time_critical.flash_init_boot2_copyout
                0x20000254       0x30 CMakeFiles/interrupcoes.dir/home/ylo/.pico-sdk/sdk/2.1.0/src/rp2_common/hardware_flash/flash.c.o
 .time_critical.flash_enable_xip_via_boot2
                0x20000284        0xc CMakeFiles/interrupcoes.dir/home/ylo/.pico-sdk/sdk/2.1.0/src/rp2_common/hardware_flash/flash.c.o
 .time_critical.flash_cs_force
                0x20000290       0x38 CMakeFiles/interrupcoes.dir/home/ylo/.pico-sdk/sdk/2.1.0/src/rp2_common/hardware_flash/flash.c.o
 .time_critical.flash_do_cmd
                0x200002c8       0xc0 CMakeFiles/interrupcoes.dir/home/ylo/.pico-sdk/sdk/2.1.0/src/rp2_common/hardware_flash/flash.c.o
                0x200002c8                flash_do_cmd
 .time_critical.reset_non_control_endpoints
                0x20000388       0x68 CMakeFiles/interrupcoes.dir/home/ylo/.pico-sdk/sdk/2.1.0/lib/tinyusb/src/portable/raspberrypi/rp2040/dcd_rp2040.c.o
 .time_critical.hw_handle_buff_status
                0x200003f0       0xb0 CMakeFiles/interrupcoes.dir/home/ylo/.pico-sdk/sdk/2.1.0/lib/tinyusb/src/portable/raspberrypi/rp2040/dcd_rp2040.c.o
 .time_critical.dcd_rp2040_irq
                0x200004a0      0x578 CMakeFiles/interrupcoes.dir/home/ylo/.pico-sdk/sdk/2.1.0/lib/tinyusb/src/portable/raspberrypi/rp2040/dcd_rp2040.c.o
 .time_critical.prepare_ep_buffer
                0x20000a18       0xe0 CMakeFiles/interrupcoes.dir/home/ylo/.pico-sdk/sdk/2.1.0/lib/tinyusb/src/portable/raspberrypi/rp2040/rp2040_usb.c.o
 .time_critical.sync_ep_buffer
                0x20000af8       0xa8 CMakeFiles/interrupcoes.dir/home/ylo/.pico-sdk/sdk/2.1.0/lib/tinyusb/src/portable/raspberrypi/rp2040/rp2040_usb.c.o
 .time_critical._hw_endpoint_xfer_sync
                0x20000ba0       0x28 CMakeFiles/interrupcoes.dir/home/ylo/.pico-sdk/sdk/2.1.0/lib/tinyusb/src/portable/raspberrypi/rp2040/rp2040_usb.c.o
 .time_critical.e15_is_bulkin_ep
                0x20000bc8       0x28 CMakeFiles/interrupcoes.dir/home/ylo/.pico-sdk/sdk/2.1.0/lib/tinyusb/src/portable/raspberrypi/rp2040/rp2040_usb.c.o
 .time_critical.e15_is_critical_frame_period
                0x20000bf0       0x34 CMakeFiles/interrupcoes.dir/home/ylo/.pico-sdk/sdk/2.1.0/lib/tinyusb/src/portable/raspberrypi/rp2040/rp2040_usb.c.o
 .time_critical.hw_endpoint_reset_transfer
                0x20000c24        0xc CMakeFiles/interrupcoes.dir/home/ylo/.pico-sdk/sdk/2.1.0/lib/tinyusb/src/portable/raspberrypi/rp2040/rp2040_usb.c.o
                0x20000c24                hw_endpoint_reset_transfer
 .time_critical._hw_endpoint_buffer_control_update32
                0x20000c30       0x50 CMakeFiles/interrupcoes.dir/home/ylo/.pico-sdk/sdk/2.1.0/lib/tinyusb/src/portable/raspberrypi/rp2040/rp2040_usb.c.o
                0x20000c30                _hw_endpoint_buffer_control_update32
 .time_critical.hw_endpoint_start_next_buffer
                0x20000c80       0x6c CMakeFiles/interrupcoes.dir/home/ylo/.pico-sdk/sdk/2.1.0/lib/tinyusb/src/portable/raspberrypi/rp2040/rp2040_usb.c.o
                0x20000c80                hw_endpoint_start_next_buffer
 .time_critical.hw_endpoint_xfer_continue
                0x20000cec       0x40 CMakeFiles/interrupcoes.dir/home/ylo/.pico-sdk/sdk/2.1.0/lib/tinyusb/src/portable/raspberrypi/rp2040/rp2040_usb.c.o
                0x20000cec                hw_endpoint_xfer_continue
 .time_critical.tinyusb
                0x20000d2c      0x1e4 CMakeFiles/interrupcoes.dir/home/ylo/.pico-sdk/sdk/2.1.0/lib/tinyusb/src/device/usbd.c.o
                0x20000d2c                dcd_event_handler
 *(.text*)
 .text          0x20000f10        0x4 /home/ylo/.pico-sdk/toolchain/13_3_Rel1/bin/../lib/gcc/arm-none-eabi/13.3.1/thumb/v6-m/nofp/libgcc.a(_dvmd_tls.o)
                0x20000f10                __aeabi_ldiv0
                0x20000f10                __aeabi_idiv0
 *fill*         0x20000f14        0x4 
 .text.__stub   0x20000f18       0x80 linker stubs
                0x20000f98                        . = ALIGN (0x4)
 *(.rodata*)
                0x20000f98                        . = ALIGN (0x4)
 *(.data*)
 .data.sequencia
                0x20000f98       0x64 CMakeFiles/interrupcoes.dir/interrupcoes.c.o
                0x20000f98                sequencia
 *fill*         0x20000ffc        0x4 
 .data.led      0x20001000      0x7d0 CMakeFiles/interrupcoes.dir/interrupcoes.c.o
                0x20001000                led
 .data.striped_spin_lock_num
                0x200017d0        0x1 CMakeFiles/interrupcoes.dir/home/ylo/.pico-sdk/sdk/2.1.0/src/rp2_common/hardware_sync/sync.c.o
 *fill*         0x200017d1        0x3 
 .data          0x200017d4       0x48 CMakeFiles/interrupcoes.dir/home/ylo/.pico-sdk/sdk/2.1.0/src/rp2_common/hardware_irq/irq_handler_chain.S.o
                0x200017d4                irq_handler_chain_slots
                0x20001804                irq_handler_chain_first_slot
                0x2000180e                irq_handler_chain_remove_tail
 .data.default_alarm_pool
                0x2000181c       0x18 CMakeFiles/interrupcoes.dir/home/ylo/.pico-sdk/sdk/2.1.0/src/common/pico_time/time.c.o
 *fill*         0x20001834        0xc 
 .data.aeabi_bits_funcs
                0x20001840       0x10 CMakeFiles/interrupcoes.dir/home/ylo/.pico-sdk/sdk/2.1.0/src/rp2_common/pico_bit_ops/bit_ops_aeabi.S.o
                0x20001840                aeabi_bits_funcs
                0x20001850                aeabi_bits_funcs_end
 .data.aeabi_mem_funcs
                0x20001850       0x10 CMakeFiles/interrupcoes.dir/home/ylo/.pico-sdk/sdk/2.1.0/src/rp2_common/pico_mem_ops/mem_ops_aeabi.S.o
                0x20001850                aeabi_mem_funcs
                0x20001860                aeabi_mem_funcs_end
 .data.stdio_usb
                0x20001860       0x18 CMakeFiles/interrupcoes.dir/home/ylo/.pico-sdk/sdk/2.1.0/src/rp2_common/pico_stdio_usb/stdio_usb.c.o
                0x20001860                stdio_usb
 .data._usbd_qdef
                0x20001878       0x1c CMakeFiles/interrupcoes.dir/home/ylo/.pico-sdk/sdk/2.1.0/lib/tinyusb/src/device/usbd.c.o
                0x20001878                _usbd_qdef
 .data._usbd_rhport
                0x20001894        0x1 CMakeFiles/interrupcoes.dir/home/ylo/.pico-sdk/sdk/2.1.0/lib/tinyusb/src/device/usbd.c.o
                0x20001898                        . = ALIGN (0x4)
 *fill*         0x20001895        0x3 
 *(.after_data.*)
                0x20001898                        . = ALIGN (0x4)
                0x20001898                        PROVIDE (__mutex_array_start = .)
 *(SORT_BY_NAME(.mutex_array.*))
 *(.mutex_array)
 .mutex_array   0x20001898        0x8 CMakeFiles/interrupcoes.dir/home/ylo/.pico-sdk/sdk/2.1.0/src/rp2_common/pico_stdio/stdio.c.o
                0x200018a0                        PROVIDE (__mutex_array_end = .)
                0x200018a0                        . = ALIGN (0x4)
 *(.jcr)
                0x200018a0                        . = ALIGN (0x4)

.tm_clone_table
                0x200018a0        0x0 load address 0x100092c0
 .tm_clone_table
                0x200018a0        0x0 /home/ylo/.pico-sdk/toolchain/13_3_Rel1/bin/../lib/gcc/arm-none-eabi/13.3.1/thumb/v6-m/nofp/crtbegin.o
 .tm_clone_table
                0x200018a0        0x0 /home/ylo/.pico-sdk/toolchain/13_3_Rel1/bin/../lib/gcc/arm-none-eabi/13.3.1/thumb/v6-m/nofp/crtend.o

.igot.plt       0x200018a0        0x0 load address 0x100092c0
 .igot.plt      0x200018a0        0x0 /home/ylo/.pico-sdk/toolchain/13_3_Rel1/bin/../lib/gcc/arm-none-eabi/13.3.1/thumb/v6-m/nofp/crtbegin.o

.tdata          0x200018a0        0x0 load address 0x100092c0
                0x200018a0                        . = ALIGN (0x4)
 *(.tdata .tdata.* .gnu.linkonce.td.*)
                0x200018a0                        __tdata_end = .
                0x200018a0                        PROVIDE (__data_end__ = .)
                0x10007ae0                        __etext = LOADADDR (.data)

.tbss           0x200018a0        0x0 load address 0x100092c0
                0x200018a0                        . = ALIGN (0x4)
                0x200018a0                        __bss_start__ = .
                0x200018a0                        __tls_base = .
 *(.tbss .tbss.* .gnu.linkonce.tb.*)
 *(.tcommon)
                0x200018a0                        __tls_end = .

.bss            0x200018a0     0x10a4 load address 0x100092c0
                0x200018a0                        . = ALIGN (0x4)
                0x200018a0                        __tbss_end = .
 *(SORT_BY_ALIGNMENT(SORT_BY_NAME(.bss*)))
 .bss.default_alarm_pool_entries
                0x200018a0      0x180 CMakeFiles/interrupcoes.dir/home/ylo/.pico-sdk/sdk/2.1.0/src/common/pico_time/time.c.o
 .bss.last_avail_time.1
                0x20001a20        0x8 CMakeFiles/interrupcoes.dir/home/ylo/.pico-sdk/sdk/2.1.0/src/rp2_common/pico_stdio_usb/stdio_usb.c.o
 .bss.sd_table  0x20001a28      0x100 CMakeFiles/interrupcoes.dir/home/ylo/.pico-sdk/sdk/2.1.0/src/rp2_common/pico_double/double_init_rom_rp2040.c.o
                0x20001a28                sd_table
 .bss._app_driver
                0x20001b28        0x4 CMakeFiles/interrupcoes.dir/home/ylo/.pico-sdk/sdk/2.1.0/lib/tinyusb/src/device/usbd.c.o
 .bss._cdcd_fifo_cfg
                0x20001b2c        0x1 CMakeFiles/interrupcoes.dir/home/ylo/.pico-sdk/sdk/2.1.0/lib/tinyusb/src/class/cdc/cdc_device.c.o
 *fill*         0x20001b2d        0x3 
 .bss._cdcd_itf
                0x20001b30      0x2c8 CMakeFiles/interrupcoes.dir/home/ylo/.pico-sdk/sdk/2.1.0/lib/tinyusb/src/class/cdc/cdc_device.c.o
 .bss._ctrl_xfer
                0x20001df8       0x14 CMakeFiles/interrupcoes.dir/home/ylo/.pico-sdk/sdk/2.1.0/lib/tinyusb/src/device/usbd_control.c.o
 .bss._ubsd_mutexdef
                0x20001e0c        0x8 CMakeFiles/interrupcoes.dir/home/ylo/.pico-sdk/sdk/2.1.0/lib/tinyusb/src/device/usbd.c.o
 .bss._usbd_ctrl_buf
                0x20001e14       0x40 CMakeFiles/interrupcoes.dir/home/ylo/.pico-sdk/sdk/2.1.0/lib/tinyusb/src/device/usbd_control.c.o
 .bss._usbd_dev
                0x20001e54       0x54 CMakeFiles/interrupcoes.dir/home/ylo/.pico-sdk/sdk/2.1.0/lib/tinyusb/src/device/usbd.c.o
 .bss._usbd_mutex
                0x20001ea8        0x4 CMakeFiles/interrupcoes.dir/home/ylo/.pico-sdk/sdk/2.1.0/lib/tinyusb/src/device/usbd.c.o
 .bss._usbd_q   0x20001eac        0x4 CMakeFiles/interrupcoes.dir/home/ylo/.pico-sdk/sdk/2.1.0/lib/tinyusb/src/device/usbd.c.o
 .bss._usbd_qdef_buf
                0x20001eb0       0xc0 CMakeFiles/interrupcoes.dir/home/ylo/.pico-sdk/sdk/2.1.0/lib/tinyusb/src/device/usbd.c.o
                0x20001eb0                _usbd_qdef_buf
 .bss._used_instruction_space
                0x20001f70        0x8 CMakeFiles/interrupcoes.dir/home/ylo/.pico-sdk/sdk/2.1.0/src/rp2_common/hardware_pio/pio.c.o
 .bss._vendord_itf
                0x20001f78      0x2cc CMakeFiles/interrupcoes.dir/home/ylo/.pico-sdk/sdk/2.1.0/lib/tinyusb/src/class/vendor/vendor_device.c.o
 .bss.boot2_copyout
                0x20002244      0x100 CMakeFiles/interrupcoes.dir/home/ylo/.pico-sdk/sdk/2.1.0/src/rp2_common/hardware_flash/flash.c.o
 .bss.callbacks
                0x20002344        0x8 CMakeFiles/interrupcoes.dir/home/ylo/.pico-sdk/sdk/2.1.0/src/rp2_common/hardware_gpio/gpio.c.o
 .bss.chars_available_callback
                0x2000234c        0x4 CMakeFiles/interrupcoes.dir/home/ylo/.pico-sdk/sdk/2.1.0/src/rp2_common/pico_stdio_usb/stdio_usb.c.o
 .bss.chars_available_param
                0x20002350        0x4 CMakeFiles/interrupcoes.dir/home/ylo/.pico-sdk/sdk/2.1.0/src/rp2_common/pico_stdio_usb/stdio_usb.c.o
 .bss.claimed   0x20002354        0x4 CMakeFiles/interrupcoes.dir/home/ylo/.pico-sdk/sdk/2.1.0/src/rp2_common/hardware_sync/sync.c.o
 .bss.claimed   0x20002358        0x1 CMakeFiles/interrupcoes.dir/home/ylo/.pico-sdk/sdk/2.1.0/src/rp2_common/hardware_timer/timer.c.o
 *fill*         0x20002359        0x3 
 .bss.claimed   0x2000235c        0x1 CMakeFiles/interrupcoes.dir/home/ylo/.pico-sdk/sdk/2.1.0/src/rp2_common/hardware_pio/pio.c.o
 *fill*         0x2000235d        0x3 
 .bss.configured_freq
                0x20002360       0x28 CMakeFiles/interrupcoes.dir/home/ylo/.pico-sdk/sdk/2.1.0/src/rp2_common/hardware_clocks/clocks.c.o
 .bss.desc_str.0
                0x20002388       0x28 CMakeFiles/interrupcoes.dir/home/ylo/.pico-sdk/sdk/2.1.0/src/rp2_common/pico_stdio_usb/stdio_usb_descriptors.c.o
 .bss.drivers   0x200023b0        0x4 CMakeFiles/interrupcoes.dir/home/ylo/.pico-sdk/sdk/2.1.0/src/rp2_common/pico_stdio/stdio.c.o
 .bss.e15_last_sof
                0x200023b4        0x4 CMakeFiles/interrupcoes.dir/home/ylo/.pico-sdk/sdk/2.1.0/lib/tinyusb/src/portable/raspberrypi/rp2040/rp2040_usb.c.o
                0x200023b4                e15_last_sof
 .bss.filter    0x200023b8        0x4 CMakeFiles/interrupcoes.dir/home/ylo/.pico-sdk/sdk/2.1.0/src/rp2_common/pico_stdio/stdio.c.o
 .bss.hw_endpoints
                0x200023bc      0x400 CMakeFiles/interrupcoes.dir/home/ylo/.pico-sdk/sdk/2.1.0/lib/tinyusb/src/portable/raspberrypi/rp2040/dcd_rp2040.c.o
 .bss.lazy_vsnprintf
                0x200027bc        0x4 CMakeFiles/interrupcoes.dir/home/ylo/.pico-sdk/sdk/2.1.0/src/rp2_common/pico_printf/printf.c.o
 .bss.load_value
                0x200027c0        0x4 CMakeFiles/interrupcoes.dir/home/ylo/.pico-sdk/sdk/2.1.0/src/rp2_common/hardware_watchdog/watchdog.c.o
 .bss.next_buffer_ptr
                0x200027c4        0x4 CMakeFiles/interrupcoes.dir/home/ylo/.pico-sdk/sdk/2.1.0/lib/tinyusb/src/portable/raspberrypi/rp2040/dcd_rp2040.c.o
 .bss.num       0x200027c8        0x4 CMakeFiles/interrupcoes.dir/interrupcoes.c.o
 .bss.object.0  0x200027cc       0x18 /home/ylo/.pico-sdk/toolchain/13_3_Rel1/bin/../lib/gcc/arm-none-eabi/13.3.1/thumb/v6-m/nofp/crtbegin.o
 .bss.one_shot_timer_crit_sec
                0x200027e4        0x8 CMakeFiles/interrupcoes.dir/home/ylo/.pico-sdk/sdk/2.1.0/src/rp2_common/pico_stdio_usb/stdio_usb.c.o
 .bss.pio       0x200027ec        0x4 CMakeFiles/interrupcoes.dir/interrupcoes.c.o
                0x200027ec                pio
 .bss.pools     0x200027f0       0x10 CMakeFiles/interrupcoes.dir/home/ylo/.pico-sdk/sdk/2.1.0/src/common/pico_time/time.c.o
 .bss.raw_irq_mask
                0x20002800        0x8 CMakeFiles/interrupcoes.dir/home/ylo/.pico-sdk/sdk/2.1.0/src/rp2_common/hardware_gpio/gpio.c.o
 .bss.retrieved_id
                0x20002808        0x8 CMakeFiles/interrupcoes.dir/home/ylo/.pico-sdk/sdk/2.1.0/src/rp2_common/pico_unique_id/unique_id.c.o
 .bss.sf_clz_func
                0x20002810        0x4 CMakeFiles/interrupcoes.dir/home/ylo/.pico-sdk/sdk/2.1.0/src/rp2_common/pico_double/double_init_rom_rp2040.c.o
                0x20002810                sf_clz_func
 .bss.sf_table  0x20002814      0x100 CMakeFiles/interrupcoes.dir/home/ylo/.pico-sdk/sdk/2.1.0/src/rp2_common/pico_float/float_init_rom_rp2040.c.o
                0x20002814                sf_table
 .bss.sleep_notifier
                0x20002914        0x4 CMakeFiles/interrupcoes.dir/home/ylo/.pico-sdk/sdk/2.1.0/src/common/pico_time/time.c.o
 .bss.sm        0x20002918        0x4 CMakeFiles/interrupcoes.dir/interrupcoes.c.o
                0x20002918                sm
 .bss.stdio_usb_mutex
                0x2000291c        0x8 CMakeFiles/interrupcoes.dir/home/ylo/.pico-sdk/sdk/2.1.0/src/rp2_common/pico_stdio_usb/stdio_usb.c.o
 .bss.ultima    0x20002924        0x4 CMakeFiles/interrupcoes.dir/interrupcoes.c.o
 .bss.usbd_serial_str
                0x20002928       0x11 CMakeFiles/interrupcoes.dir/home/ylo/.pico-sdk/sdk/2.1.0/src/rp2_common/pico_stdio_usb/stdio_usb_descriptors.c.o
 .bss._app_driver_count
                0x20002939        0x1 CMakeFiles/interrupcoes.dir/home/ylo/.pico-sdk/sdk/2.1.0/lib/tinyusb/src/device/usbd.c.o
 .bss._sof_enable
                0x2000293a        0x1 CMakeFiles/interrupcoes.dir/home/ylo/.pico-sdk/sdk/2.1.0/lib/tinyusb/src/portable/raspberrypi/rp2040/dcd_rp2040.c.o
 .bss._usbd_queued_setup
                0x2000293b        0x1 CMakeFiles/interrupcoes.dir/home/ylo/.pico-sdk/sdk/2.1.0/lib/tinyusb/src/device/usbd.c.o
 .bss.boot2_copyout_valid
                0x2000293c        0x1 CMakeFiles/interrupcoes.dir/home/ylo/.pico-sdk/sdk/2.1.0/src/rp2_common/hardware_flash/flash.c.o
 .bss.irq_handler_chain_free_slot_head
                0x2000293d        0x1 CMakeFiles/interrupcoes.dir/home/ylo/.pico-sdk/sdk/2.1.0/src/rp2_common/hardware_irq/irq.c.o
 .bss.itf_num   0x2000293e        0x1 CMakeFiles/interrupcoes.dir/home/ylo/.pico-sdk/sdk/2.1.0/src/rp2_common/pico_stdio_usb/reset_interface.c.o
 .bss.low_priority_irq_num
                0x2000293f        0x1 CMakeFiles/interrupcoes.dir/home/ylo/.pico-sdk/sdk/2.1.0/src/rp2_common/pico_stdio_usb/stdio_usb.c.o
 .bss.one_shot_timer_pending
                0x20002940        0x1 CMakeFiles/interrupcoes.dir/home/ylo/.pico-sdk/sdk/2.1.0/src/rp2_common/pico_stdio_usb/stdio_usb.c.o
 .bss.user_irq_claimed
                0x20002941        0x1 CMakeFiles/interrupcoes.dir/home/ylo/.pico-sdk/sdk/2.1.0/src/rp2_common/hardware_irq/irq.c.o
 *(COMMON)
                0x20002944                        . = ALIGN (0x4)
 *fill*         0x20002942        0x2 
                0x20002944                        __bss_end__ = .

.heap           0x20002944      0x800 load address 0x100092c0
                0x20002944                        __end__ = .
                0x20002944                        end = __end__
 *(.heap*)
 .heap          0x20002944      0x800 CMakeFiles/interrupcoes.dir/home/ylo/.pico-sdk/sdk/2.1.0/src/rp2_common/pico_crt0/crt0.S.o
                0x20040000                        __HeapLimit = (ORIGIN (RAM) + LENGTH (RAM))

.scratch_x      0x20040000        0x0 load address 0x100092c0
                0x20040000                        __scratch_x_start__ = .
 *(.scratch_x.*)
                0x20040000                        . = ALIGN (0x4)
                0x20040000                        __scratch_x_end__ = .
                0x100092c0                        __scratch_x_source__ = LOADADDR (.scratch_x)

.scratch_y      0x20041000        0x0 load address 0x100092c0
                0x20041000                        __scratch_y_start__ = .
 *(.scratch_y.*)
                0x20041000                        . = ALIGN (0x4)
                0x20041000                        __scratch_y_end__ = .
                0x100092c0                        __scratch_y_source__ = LOADADDR (.scratch_y)

.stack1_dummy
 *(.stack1*)

.stack_dummy    0x20041000      0x800
 *(.stack*)
 .stack         0x20041000      0x800 CMakeFiles/interrupcoes.dir/home/ylo/.pico-sdk/sdk/2.1.0/src/rp2_common/pico_crt0/crt0.S.o

.flash_end      0x100092c0        0x0
 *(.embedded_end_block*)
                0x100092c0                        PROVIDE (__flash_binary_end = .)
                0x20040000                        __StackLimit = (ORIGIN (RAM) + LENGTH (RAM))
                0x20041000                        __StackOneTop = (ORIGIN (SCRATCH_X) + LENGTH (SCRATCH_X))
                0x20042000                        __StackTop = (ORIGIN (SCRATCH_Y) + LENGTH (SCRATCH_Y))
                0x20041000                        __StackOneBottom = (__StackOneTop - SIZEOF (.stack1_dummy))
                0x20041800                        __StackBottom = (__StackTop - SIZEOF (.stack_dummy))
                0x20042000                        PROVIDE (__stack = __StackTop)
                [!provide]                        PROVIDE (__heap_start = __end__)
                [!provide]                        PROVIDE (__heap_end = __HeapLimit)
                [!provide]                        PROVIDE (__tls_align = MAX (ALIGNOF (.tdata), ALIGNOF (.tbss)))
                [!provide]                        PROVIDE (__tls_size_align = (((__tls_size + __tls_align) - 0x1) & ~ ((__tls_align - 0x1))))
                [!provide]                        PROVIDE (__arm32_tls_tcb_offset = MAX (0x8, __tls_align))
                [!provide]                        PROVIDE (_end = __end__)
                [!provide]                        PROVIDE (__llvm_libc_heap_limit = __HeapLimit)
                0x00000001                        ASSERT ((__StackLimit >= __HeapLimit), region RAM overflowed)
                0x00000001                        ASSERT (((__binary_info_header_end - __logical_binary_start) <= 0x100), Binary info must be in first 256 bytes of the binary)
LOAD CMakeFiles/interrupcoes.dir/interrupcoes.c.o
LOAD CMakeFiles/interrupcoes.dir/home/ylo/.pico-sdk/sdk/2.1.0/src/rp2_common/pico_stdlib/stdlib.c.o
LOAD CMakeFiles/interrupcoes.dir/home/ylo/.pico-sdk/sdk/2.1.0/src/rp2_common/hardware_gpio/gpio.c.o
LOAD CMakeFiles/interrupcoes.dir/home/ylo/.pico-sdk/sdk/2.1.0/src/rp2040/pico_platform/platform.c.o
LOAD CMakeFiles/interrupcoes.dir/home/ylo/.pico-sdk/sdk/2.1.0/src/rp2_common/pico_platform_panic/panic.c.o
LOAD CMakeFiles/interrupcoes.dir/home/ylo/.pico-sdk/sdk/2.1.0/src/common/hardware_claim/claim.c.o
LOAD CMakeFiles/interrupcoes.dir/home/ylo/.pico-sdk/sdk/2.1.0/src/rp2_common/hardware_sync/sync.c.o
LOAD CMakeFiles/interrupcoes.dir/home/ylo/.pico-sdk/sdk/2.1.0/src/rp2_common/hardware_sync_spin_lock/sync_spin_lock.c.o
LOAD CMakeFiles/interrupcoes.dir/home/ylo/.pico-sdk/sdk/2.1.0/src/rp2_common/hardware_irq/irq.c.o
LOAD CMakeFiles/interrupcoes.dir/home/ylo/.pico-sdk/sdk/2.1.0/src/rp2_common/hardware_irq/irq_handler_chain.S.o
LOAD CMakeFiles/interrupcoes.dir/home/ylo/.pico-sdk/sdk/2.1.0/src/common/pico_sync/sem.c.o
LOAD CMakeFiles/interrupcoes.dir/home/ylo/.pico-sdk/sdk/2.1.0/src/common/pico_sync/lock_core.c.o
LOAD CMakeFiles/interrupcoes.dir/home/ylo/.pico-sdk/sdk/2.1.0/src/common/pico_sync/mutex.c.o
LOAD CMakeFiles/interrupcoes.dir/home/ylo/.pico-sdk/sdk/2.1.0/src/common/pico_sync/critical_section.c.o
LOAD CMakeFiles/interrupcoes.dir/home/ylo/.pico-sdk/sdk/2.1.0/src/common/pico_time/time.c.o
LOAD CMakeFiles/interrupcoes.dir/home/ylo/.pico-sdk/sdk/2.1.0/src/common/pico_time/timeout_helper.c.o
LOAD CMakeFiles/interrupcoes.dir/home/ylo/.pico-sdk/sdk/2.1.0/src/rp2_common/hardware_timer/timer.c.o
LOAD CMakeFiles/interrupcoes.dir/home/ylo/.pico-sdk/sdk/2.1.0/src/common/pico_util/datetime.c.o
LOAD CMakeFiles/interrupcoes.dir/home/ylo/.pico-sdk/sdk/2.1.0/src/common/pico_util/pheap.c.o
LOAD CMakeFiles/interrupcoes.dir/home/ylo/.pico-sdk/sdk/2.1.0/src/common/pico_util/queue.c.o
LOAD CMakeFiles/interrupcoes.dir/home/ylo/.pico-sdk/sdk/2.1.0/src/rp2_common/hardware_uart/uart.c.o
LOAD CMakeFiles/interrupcoes.dir/home/ylo/.pico-sdk/sdk/2.1.0/src/rp2_common/hardware_clocks/clocks.c.o
LOAD CMakeFiles/interrupcoes.dir/home/ylo/.pico-sdk/sdk/2.1.0/src/rp2_common/hardware_pll/pll.c.o
LOAD CMakeFiles/interrupcoes.dir/home/ylo/.pico-sdk/sdk/2.1.0/src/rp2_common/hardware_vreg/vreg.c.o
LOAD CMakeFiles/interrupcoes.dir/home/ylo/.pico-sdk/sdk/2.1.0/src/rp2_common/hardware_watchdog/watchdog.c.o
LOAD CMakeFiles/interrupcoes.dir/home/ylo/.pico-sdk/sdk/2.1.0/src/rp2_common/hardware_ticks/ticks.c.o
LOAD CMakeFiles/interrupcoes.dir/home/ylo/.pico-sdk/sdk/2.1.0/src/rp2_common/pico_bootrom/bootrom.c.o
LOAD CMakeFiles/interrupcoes.dir/home/ylo/.pico-sdk/sdk/2.1.0/src/rp2_common/pico_bootrom/bootrom_lock.c.o
LOAD CMakeFiles/interrupcoes.dir/home/ylo/.pico-sdk/sdk/2.1.0/src/rp2_common/hardware_boot_lock/boot_lock.c.o
LOAD CMakeFiles/interrupcoes.dir/home/ylo/.pico-sdk/sdk/2.1.0/src/rp2_common/pico_flash/flash.c.o
LOAD CMakeFiles/interrupcoes.dir/home/ylo/.pico-sdk/sdk/2.1.0/src/rp2_common/hardware_xosc/xosc.c.o